============================= test session starts =============================
platform win32 -- Python 3.14.5, pytest-9.0.3, pluggy-1.6.0 -- C:\Python314\python.exe
cachedir: .pytest_cache
rootdir: c:\Users\samatha\OneDrive\Desktop\agente_rme
configfile: pyproject.toml
testpaths: tests
plugins: anyio-4.13.0, cov-7.1.0
collecting ... collected 1750 items

tests/agents/test_agent_context.py::TestAgentContext::test_default_initialization PASSED [  0%]
tests/agents/test_agent_context.py::TestAgentContext::test_init_with_values PASSED [  0%]
tests/agents/test_agent_context.py::TestAgentContext::test_to_dict_excludes_optional_objects PASSED [  0%]
tests/agents/test_agent_context.py::TestAgentContext::test_update_existing_field PASSED [  0%]
tests/agents/test_agent_context.py::TestAgentContext::test_update_unknown_goes_to_metadata PASSED [  0%]
tests/agents/test_agent_context.py::TestAgentContext::test_update_multiple_fields PASSED [  0%]
tests/agents/test_agent_context.py::TestAgentContext::test_playtest_report_dict PASSED [  0%]
tests/agents/test_agent_context.py::TestAgentContext::test_artifacts_dict PASSED [  0%]
tests/agents/test_agent_context.py::TestAgentContext::test_qa_report_dict PASSED [  0%]
tests/agents/test_agent_registry.py::TestBaseAgent::test_agent_id_default PASSED [  0%]
tests/agents/test_agent_registry.py::TestBaseAgent::test_agent_id_custom PASSED [  0%]
tests/agents/test_agent_registry.py::TestBaseAgent::test_execute_raises_not_implemented PASSED [  0%]
tests/agents/test_agent_registry.py::TestBaseAgent::test_repr PASSED     [  0%]
tests/agents/test_agent_registry.py::TestAgentRegistry::test_register_and_get PASSED [  0%]
tests/agents/test_agent_registry.py::TestAgentRegistry::test_get_unregistered PASSED [  0%]
tests/agents/test_agent_registry.py::TestAgentRegistry::test_get_or_raise_found PASSED [  0%]
tests/agents/test_agent_registry.py::TestAgentRegistry::test_get_or_raise_missing PASSED [  0%]
tests/agents/test_agent_registry.py::TestAgentRegistry::test_unregister PASSED [  1%]
tests/agents/test_agent_registry.py::TestAgentRegistry::test_unregister_nonexistent PASSED [  1%]
tests/agents/test_agent_registry.py::TestAgentRegistry::test_list_agents_empty PASSED [  1%]
tests/agents/test_agent_registry.py::TestAgentRegistry::test_list_agents PASSED [  1%]
tests/agents/test_agent_registry.py::TestAgentRegistry::test_has_agent_true PASSED [  1%]
tests/agents/test_agent_registry.py::TestAgentRegistry::test_has_agent_false PASSED [  1%]
tests/agents/test_agent_registry.py::TestAgentRegistry::test_execute_delegates_to_agent PASSED [  1%]
tests/agents/test_agent_registry.py::TestAgentRegistry::test_execute_unregistered_raises PASSED [  1%]
tests/agents/test_agent_registry.py::TestAgentRegistry::test_multiple_agents PASSED [  1%]
tests/agents/test_agent_registry.py::TestAgentRegistry::test_register_overwrites PASSED [  1%]
tests/agents/test_architect_agent.py::TestArchitectAgent::test_agent_id PASSED [  1%]
tests/agents/test_architect_agent.py::TestArchitectAgent::test_execute_with_prompt PASSED [  1%]
tests/agents/test_architect_agent.py::TestArchitectAgent::test_execute_empty_prompt PASSED [  1%]
tests/agents/test_architect_agent.py::TestArchitectAgent::test_execute_fallback_plan PASSED [  1%]
tests/agents/test_architect_agent.py::TestArchitectAgent::test_execute_recovery_after_error PASSED [  1%]
tests/agents/test_architect_agent.py::TestArchitectAgent::test_report_contains_summary PASSED [  1%]
tests/agents/test_architect_agent.py::TestArchitectAgent::test_metrics_contains_execution_time PASSED [  1%]
tests/agents/test_architect_agent_coverage.py::TestArchitectAgentHappyPath::test_architect_executes_with_valid_prompt PASSED [  2%]
tests/agents/test_architect_agent_coverage.py::TestArchitectAgentHappyPath::test_architect_returns_plan_dict PASSED [  2%]
tests/agents/test_architect_agent_coverage.py::TestArchitectAgentHappyPath::test_architect_with_issavi_theme PASSED [  2%]
tests/agents/test_architect_agent_coverage.py::TestArchitectAgentHappyPath::test_architect_with_roshamuul_theme PASSED [  2%]
tests/agents/test_architect_agent_coverage.py::TestArchitectAgentHappyPath::test_architect_with_both_themes PASSED [  2%]
tests/agents/test_architect_agent_coverage.py::TestArchitectAgentHappyPath::test_architect_with_no_specific_theme PASSED [  2%]
tests/agents/test_architect_agent_coverage.py::TestArchitectAgentHappyPath::test_architect_respects_world_dimensions PASSED [  2%]
tests/agents/test_architect_agent_coverage.py::TestArchitectAgentHappyPath::test_architect_metrics_present PASSED [  2%]
tests/agents/test_architect_agent_coverage.py::TestArchitectAgentErrorHandling::test_empty_prompt_returns_error PASSED [  2%]
tests/agents/test_architect_agent_coverage.py::TestArchitectAgentErrorHandling::test_none_prompt_returns_error PASSED [  2%]
tests/agents/test_architect_agent_coverage.py::TestArchitectAgentErrorHandling::test_prompt_from_parameters PASSED [  2%]
tests/agents/test_architect_agent_coverage.py::TestArchitectAgentErrorHandling::test_plan_has_themes PASSED [  2%]
tests/agents/test_architect_agent_coverage.py::TestArchitectAgentErrorHandling::test_architect_logger_uses_agent_id PASSED [  2%]
tests/agents/test_architect_agent_coverage.py::TestArchitectAgentErrorHandling::test_architect_fallback_plan_issavi PASSED [  2%]
tests/agents/test_architect_agent_coverage.py::TestArchitectAgentErrorHandling::test_architect_fallback_plan_roshamuul PASSED [  2%]
tests/agents/test_architect_agent_coverage.py::TestArchitectAgentErrorHandling::test_architect_fallback_plan_both_themes PASSED [  2%]
tests/agents/test_architect_agent_coverage.py::TestArchitectAgentErrorHandling::test_architect_fallback_plan_default PASSED [  2%]
tests/agents/test_architect_agent_coverage.py::TestArchitectAgentErrorHandling::test_architect_fallback_plan_structure PASSED [  2%]
tests/agents/test_architect_agent_coverage.py::TestArchitectAgentErrorHandling::test_architect_fallback_path PASSED [  3%]
tests/agents/test_architect_agent_coverage.py::TestArchitectAgentErrorHandling::test_architect_handles_exception PASSED [  3%]
tests/agents/test_architect_agent_coverage.py::TestArchitectAgentErrorHandling::test_architect_get_architect_returns_cached PASSED [  3%]
tests/agents/test_architect_agent_coverage.py::TestArchitectAgentErrorHandling::test_architect_get_architect_fallback_on_import_error PASSED [  3%]
tests/agents/test_architect_agent_coverage.py::TestArchitectAgentErrorHandling::test_architect_get_architect_imports_real PASSED [  3%]
tests/agents/test_architect_agent_coverage.py::TestArchitectAgentErrorHandling::test_architect_no_prompt_and_no_parameters PASSED [  3%]
tests/agents/test_balance_agent.py::TestBalanceAgent::test_agent_id PASSED [  3%]
tests/agents/test_balance_agent.py::TestBalanceAgent::test_execute_with_prompt PASSED [  3%]
tests/agents/test_balance_agent.py::TestBalanceAgent::test_execute_with_world_data PASSED [  3%]
tests/agents/test_balance_agent.py::TestBalanceAgent::test_metrics_contains_execution_time PASSED [  3%]
tests/agents/test_balance_agent_coverage.py::TestBalanceAgentHappyPath::test_balance_executes_with_world PASSED [  3%]
tests/agents/test_balance_agent_coverage.py::TestBalanceAgentHappyPath::test_balance_with_default_player_level PASSED [  3%]
tests/agents/test_balance_agent_coverage.py::TestBalanceAgentHappyPath::test_balance_with_high_player_level PASSED [  3%]
tests/agents/test_balance_agent_coverage.py::TestBalanceAgentHappyPath::test_balance_with_playtest_data_in_context PASSED [  3%]
tests/agents/test_balance_agent_coverage.py::TestBalanceAgentHappyPath::test_balance_no_engine_uses_fallback PASSED [  3%]
tests/agents/test_balance_agent_coverage.py::TestBalanceAgentHappyPath::test_balance_normalizes_tiles PASSED [  3%]
tests/agents/test_balance_agent_coverage.py::TestBalanceAgentErrorHandling::test_balance_with_none_input PASSED [  3%]
tests/agents/test_balance_agent_coverage.py::TestBalanceAgentErrorHandling::test_balance_with_empty_dict PASSED [  4%]
tests/agents/test_balance_agent_coverage.py::TestBalanceAgentErrorHandling::test_balance_with_invalid_input PASSED [  4%]
tests/agents/test_balance_agent_coverage.py::TestBalanceAgentErrorHandling::test_balance_logger_uses_agent_id PASSED [  4%]
tests/agents/test_balance_agent_coverage.py::TestBalanceAgentErrorHandling::test_balance_metrics_present PASSED [  4%]
tests/agents/test_balance_agent_coverage.py::TestBalanceAgentErrorHandling::test_balance_zero_player_level PASSED [  4%]
tests/agents/test_balance_agent_coverage.py::TestBalanceAgentErrorHandling::test_balance_get_engine_cached PASSED [  4%]
tests/agents/test_balance_agent_coverage.py::TestBalanceAgentErrorHandling::test_balance_get_engine_import_error PASSED [  4%]
tests/agents/test_balance_agent_coverage.py::TestBalanceAgentErrorHandling::test_balance_resolve_world_with_dict PASSED [  4%]
tests/agents/test_balance_agent_coverage.py::TestBalanceAgentErrorHandling::test_balance_resolve_world_with_list_tiles PASSED [  4%]
tests/agents/test_balance_agent_coverage.py::TestBalanceAgentErrorHandling::test_balance_resolve_world_passthrough PASSED [  4%]
tests/agents/test_balance_agent_coverage.py::TestBalanceAgentErrorHandling::test_balance_resolve_world_import_error PASSED [  4%]
tests/agents/test_balance_agent_coverage.py::TestBalanceAgentErrorHandling::test_balance_world_to_dict_no_to_dict PASSED [  4%]
tests/agents/test_balance_agent_coverage.py::TestBalanceAgentErrorHandling::test_balance_world_to_dict_with_to_dict PASSED [  4%]
tests/agents/test_balance_agent_coverage.py::TestBalanceAgentErrorHandling::test_balance_world_to_dict_non_list_tiles PASSED [  4%]
tests/agents/test_balance_agent_coverage.py::TestBalanceAgentErrorHandling::test_balance_world_to_dict_dict_tiles PASSED [  4%]
tests/agents/test_balance_agent_coverage.py::TestBalanceAgentErrorHandling::test_balance_resolve_world_other_iterable PASSED [  4%]
tests/agents/test_balance_agent_coverage.py::TestBalanceAgentErrorHandling::test_balance_handles_exception PASSED [  4%]
tests/agents/test_balance_agent_coverage.py::TestBalanceAgentErrorHandling::test_balance_with_empty_playtest PASSED [  4%]
tests/agents/test_expansion_agent.py::TestExpansionAgent::test_agent_id PASSED [  5%]
tests/agents/test_expansion_agent.py::TestExpansionAgent::test_execute_with_prompt PASSED [  5%]
tests/agents/test_expansion_agent.py::TestExpansionAgent::test_execute_with_world_data PASSED [  5%]
tests/agents/test_expansion_agent.py::TestExpansionAgent::test_metrics_contains_execution_time PASSED [  5%]
tests/agents/test_expansion_agent_coverage.py::TestExpansionAgentHappyPath::test_expansion_executes_with_world PASSED [  5%]
tests/agents/test_expansion_agent_coverage.py::TestExpansionAgentHappyPath::test_expansion_with_world_in_context PASSED [  5%]
tests/agents/test_expansion_agent_coverage.py::TestExpansionAgentHappyPath::test_expansion_with_no_expansion_ai_uses_fallback PASSED [  5%]
tests/agents/test_expansion_agent_coverage.py::TestExpansionAgentHappyPath::test_expansion_normalizes_tiles PASSED [  5%]
tests/agents/test_expansion_agent_coverage.py::TestExpansionAgentErrorHandling::test_expansion_with_none_input PASSED [  5%]
tests/agents/test_expansion_agent_coverage.py::TestExpansionAgentErrorHandling::test_expansion_with_empty_dict PASSED [  5%]
tests/agents/test_expansion_agent_coverage.py::TestExpansionAgentErrorHandling::test_expansion_with_invalid_input PASSED [  5%]
tests/agents/test_expansion_agent_coverage.py::TestExpansionAgentErrorHandling::test_expansion_logger_uses_agent_id PASSED [  5%]
tests/agents/test_expansion_agent_coverage.py::TestExpansionAgentErrorHandling::test_expansion_metrics_present PASSED [  5%]
tests/agents/test_expansion_agent_coverage.py::TestExpansionAgentErrorHandling::test_expansion_with_custom_parameters PASSED [  5%]
tests/agents/test_expansion_agent_coverage.py::TestExpansionAgentErrorHandling::test_expansion_get_expansion_cached PASSED [  5%]
tests/agents/test_expansion_agent_coverage.py::TestExpansionAgentErrorHandling::test_expansion_get_expansion_import_error PASSED [  5%]
tests/agents/test_expansion_agent_coverage.py::TestExpansionAgentErrorHandling::test_expansion_world_to_dict_with_to_dict PASSED [  5%]
tests/agents/test_expansion_agent_coverage.py::TestExpansionAgentErrorHandling::test_expansion_world_to_dict_no_to_dict PASSED [  6%]
tests/agents/test_expansion_agent_coverage.py::TestExpansionAgentErrorHandling::test_expansion_world_to_dict_non_list_tiles PASSED [  6%]
tests/agents/test_expansion_agent_coverage.py::TestExpansionAgentErrorHandling::test_expansion_world_to_dict_dict_tiles PASSED [  6%]
tests/agents/test_expansion_agent_coverage.py::TestExpansionAgentErrorHandling::test_expansion_resolve_world_with_dict PASSED [  6%]
tests/agents/test_expansion_agent_coverage.py::TestExpansionAgentErrorHandling::test_expansion_resolve_world_passthrough PASSED [  6%]
tests/agents/test_expansion_agent_coverage.py::TestExpansionAgentErrorHandling::test_expansion_resolve_world_import_error PASSED [  6%]
tests/agents/test_expansion_agent_coverage.py::TestExpansionAgentErrorHandling::test_expansion_handles_exception PASSED [  6%]
tests/agents/test_export_agent.py::TestExportAgent::test_agent_id PASSED [  6%]
tests/agents/test_export_agent.py::TestExportAgent::test_execute_with_prompt PASSED [  6%]
tests/agents/test_export_agent.py::TestExportAgent::test_execute_with_world_data PASSED [  6%]
tests/agents/test_export_agent.py::TestExportAgent::test_artifacts_created PASSED [  6%]
tests/agents/test_export_agent.py::TestExportAgent::test_report_json_created PASSED [  6%]
tests/agents/test_export_agent.py::TestExportAgent::test_metrics_contains_execution_time PASSED [  6%]
tests/agents/test_export_agent.py::TestExportAgent::test_campaign_json_created PASSED [  6%]
tests/agents/test_mapper_agent.py::TestMapperAgent::test_agent_id PASSED [  6%]
tests/agents/test_mapper_agent.py::TestMapperAgent::test_execute_with_prompt PASSED [  6%]
tests/agents/test_mapper_agent.py::TestMapperAgent::test_execute_empty_request PASSED [  6%]
tests/agents/test_mapper_agent.py::TestMapperAgent::test_execute_with_world_plan PASSED [  6%]
tests/agents/test_mapper_agent.py::TestMapperAgent::test_metrics_contains_execution_time PASSED [  7%]
tests/agents/test_mapper_agent_coverage.py::TestMapperAgentHappyPath::test_mapper_executes_with_world_plan PASSED [  7%]
tests/agents/test_mapper_agent_coverage.py::TestMapperAgentHappyPath::test_mapper_input_from_context PASSED [  7%]
tests/agents/test_mapper_agent_coverage.py::TestMapperAgentHappyPath::test_mapper_with_tile_count_in_report PASSED [  7%]
tests/agents/test_mapper_agent_coverage.py::TestMapperAgentHappyPath::test_mapper_normalizes_list_tiles_to_dict PASSED [  7%]
tests/agents/test_mapper_agent_coverage.py::TestMapperAgentHappyPath::test_mapper_with_empty_world_plan PASSED [  7%]
tests/agents/test_mapper_agent_coverage.py::TestMapperAgentHappyPath::test_mapper_with_none_input PASSED [  7%]
tests/agents/test_mapper_agent_coverage.py::TestMapperAgentErrorHandling::test_mapper_fallback_has_output PASSED [  7%]
tests/agents/test_mapper_agent_coverage.py::TestMapperAgentErrorHandling::test_mapper_fallback_includes_theme PASSED [  7%]
tests/agents/test_mapper_agent_coverage.py::TestMapperAgentErrorHandling::test_mapper_logger_uses_agent_id PASSED [  7%]
tests/agents/test_mapper_agent_coverage.py::TestMapperAgentErrorHandling::test_mapper_with_invalid_world_plan PASSED [  7%]
tests/agents/test_mapper_agent_coverage.py::TestMapperAgentErrorHandling::test_mapper_metrics_present PASSED [  7%]
tests/agents/test_mapper_agent_coverage.py::TestMapperAgentErrorHandling::test_mapper_with_existing_tiles_dict PASSED [  7%]
tests/agents/test_mapper_agent_coverage.py::TestMapperAgentErrorHandling::test_mapper_with_list_tiles PASSED [  7%]
tests/agents/test_mapper_agent_coverage.py::TestMapperAgentErrorHandling::test_mapper_handles_exception PASSED [  7%]
tests/agents/test_mapper_agent_coverage.py::TestMapperAgentErrorHandling::test_mapper_with_issavi_plan PASSED [  7%]
tests/agents/test_mapper_agent_coverage.py::TestMapperAgentErrorHandling::test_mapper_world_to_dict_preserves_data PASSED [  7%]
tests/agents/test_mapper_agent_coverage.py::TestMapperAgentErrorHandling::test_mapper_world_to_dict_no_to_dict PASSED [  8%]
tests/agents/test_mapper_agent_coverage.py::TestMapperAgentErrorHandling::test_mapper_world_to_dict_non_list_tiles PASSED [  8%]
tests/agents/test_mapper_agent_coverage.py::TestMapperAgentErrorHandling::test_mapper_world_to_dict_dict_passthrough PASSED [  8%]
tests/agents/test_mapper_agent_coverage.py::TestMapperAgentErrorHandling::test_mapper_get_generator_cached PASSED [  8%]
tests/agents/test_mapper_agent_coverage.py::TestMapperAgentErrorHandling::test_mapper_get_generator_import_error PASSED [  8%]
tests/agents/test_mapper_agent_coverage.py::TestMapperAgentErrorHandling::test_mapper_fallback_world_empty_plan PASSED [  8%]
tests/agents/test_orchestrator_agent.py::TestOrchestratorAgent::test_agent_id PASSED [  8%]
tests/agents/test_orchestrator_agent.py::TestOrchestratorAgent::test_execute_with_prompt PASSED [  8%]
tests/agents/test_orchestrator_agent.py::TestOrchestratorAgent::test_execute_empty_prompt PASSED [  8%]
tests/agents/test_orchestrator_agent.py::TestOrchestratorAgent::test_execute_prompt_returns_multi_agent_result PASSED [  8%]
tests/agents/test_orchestrator_agent.py::TestOrchestratorAgent::test_pipeline_runs_all_agents PASSED [  8%]
tests/agents/test_orchestrator_agent.py::TestOrchestratorAgent::test_metrics_generated PASSED [  8%]
tests/agents/test_orchestrator_agent.py::TestOrchestratorAgent::test_workflow_id_created PASSED [  8%]
tests/agents/test_orchestrator_agent.py::TestOrchestratorAgent::test_result_summary PASSED [  8%]
tests/agents/test_orchestrator_agent.py::TestOrchestratorAgent::test_success_property PASSED [  8%]
tests/agents/test_orchestrator_agent.py::TestOrchestratorAgent::test_custom_pipeline PASSED [  8%]
tests/agents/test_orchestrator_agent.py::TestOrchestratorAgent::test_agent_metrics_file_created PASSED [  8%]
tests/agents/test_orchestrator_agent.py::TestOrchestratorAgent::test_log_files_created PASSED [  8%]
tests/agents/test_playtest_agent.py::TestPlaytestAgent::test_agent_id PASSED [  9%]
tests/agents/test_playtest_agent.py::TestPlaytestAgent::test_execute_with_prompt PASSED [  9%]
tests/agents/test_playtest_agent.py::TestPlaytestAgent::test_execute_fallback_report PASSED [  9%]
tests/agents/test_playtest_agent.py::TestPlaytestAgent::test_metrics_contains_execution_time PASSED [  9%]
tests/agents/test_qa_agent.py::TestQAAgent::test_agent_id PASSED         [  9%]
tests/agents/test_qa_agent.py::TestQAAgent::test_execute_with_prompt PASSED [  9%]
tests/agents/test_qa_agent.py::TestQAAgent::test_execute_with_context_data PASSED [  9%]
tests/agents/test_qa_agent.py::TestQAAgent::test_execute_empty_context PASSED [  9%]
tests/agents/test_qa_agent.py::TestQAAgent::test_metrics_contains_execution_time PASSED [  9%]
tests/agents/test_qa_agent_coverage.py::TestQAAgentHappyPath::test_qa_executes_with_world PASSED [  9%]
tests/agents/test_qa_agent_coverage.py::TestQAAgentHappyPath::test_qa_with_full_context PASSED [  9%]
tests/agents/test_qa_agent_coverage.py::TestQAAgentHappyPath::test_qa_validates_world_model PASSED [  9%]
tests/agents/test_qa_agent_coverage.py::TestQAAgentHappyPath::test_qa_validates_campaign PASSED [  9%]
tests/agents/test_qa_agent_coverage.py::TestQAAgentHappyPath::test_qa_validates_playtest PASSED [  9%]
tests/agents/test_qa_agent_coverage.py::TestQAAgentHappyPath::test_qa_validates_artifacts PASSED [  9%]
tests/agents/test_qa_agent_coverage.py::TestQAAgentHappyPath::test_qa_computes_overall_score PASSED [  9%]
tests/agents/test_qa_agent_coverage.py::TestQAAgentErrorHandling::test_qa_with_none_input PASSED [  9%]
tests/agents/test_qa_agent_coverage.py::TestQAAgentErrorHandling::test_qa_with_empty_dict PASSED [ 10%]
tests/agents/test_qa_agent_coverage.py::TestQAAgentErrorHandling::test_qa_with_invalid_input PASSED [ 10%]
tests/agents/test_qa_agent_coverage.py::TestQAAgentErrorHandling::test_qa_logger_uses_agent_id PASSED [ 10%]
tests/agents/test_qa_agent_coverage.py::TestQAAgentErrorHandling::test_qa_metrics_present PASSED [ 10%]
tests/agents/test_qa_agent_coverage.py::TestQAAgentErrorHandling::test_qa_empty_campaign_fails PASSED [ 10%]
tests/agents/test_qa_agent_coverage.py::TestQAAgentErrorHandling::test_qa_handles_world_model_with_world_validator PASSED [ 10%]
tests/agents/test_qa_agent_coverage.py::TestQAAgentErrorHandling::test_qa_with_artifacts_existing_files PASSED [ 10%]
tests/agents/test_qa_agent_coverage.py::TestQAAgentErrorHandling::test_qa_playtest_with_full_data PASSED [ 10%]
tests/agents/test_qa_agent_coverage.py::TestQAAgentErrorHandling::test_qa_validates_full_artifacts PASSED [ 10%]
tests/agents/test_qa_agent_coverage.py::TestQAAgentErrorHandling::test_qa_handles_exception PASSED [ 10%]
tests/agents/test_qa_agent_coverage.py::TestQAAgentErrorHandling::test_qa_get_validators_cached PASSED [ 10%]
tests/agents/test_qa_agent_coverage.py::TestQAAgentErrorHandling::test_qa_get_validators_import_error PASSED [ 10%]
tests/agents/test_qa_agent_coverage.py::TestQAAgentErrorHandling::test_qa_resolve_world_directly PASSED [ 10%]
tests/agents/test_qa_agent_coverage.py::TestQAAgentErrorHandling::test_qa_resolve_world_passthrough PASSED [ 10%]
tests/agents/test_qa_agent_coverage.py::TestQAAgentErrorHandling::test_qa_validates_all_four_categories PASSED [ 10%]
tests/agents/test_qa_agent_coverage.py::TestQAAgentErrorHandling::test_qa_overall_score_is_numeric PASSED [ 10%]
tests/agents/test_qa_agent_coverage.py::TestQAAgentErrorHandling::test_qa_world_validator_via_inject PASSED [ 10%]
tests/agents/test_qa_agent_coverage.py::TestQAAgentErrorHandling::test_qa_world_validator_dict_result PASSED [ 10%]
tests/agents/test_qa_agent_coverage.py::TestQAAgentErrorHandling::test_qa_world_validator_other_result PASSED [ 11%]
tests/agents/test_qa_agent_coverage.py::TestQAAgentErrorHandling::test_qa_resolve_world_import_error PASSED [ 11%]
tests/agents/test_qa_agent_coverage.py::TestQAAgentErrorHandling::test_qa_playtest_empty PASSED [ 11%]
tests/agents/test_qa_agent_coverage.py::TestQAAgentErrorHandling::test_qa_campaign_missing_fields PASSED [ 11%]
tests/agents/test_quest_agent.py::TestQuestAgent::test_agent_id PASSED   [ 11%]
tests/agents/test_quest_agent.py::TestQuestAgent::test_execute_with_prompt PASSED [ 11%]
tests/agents/test_quest_agent.py::TestQuestAgent::test_execute_fallback_campaign PASSED [ 11%]
tests/agents/test_quest_agent.py::TestQuestAgent::test_metrics_contains_execution_time PASSED [ 11%]
tests/agents/test_quest_agent.py::TestQuestAgent::test_extract_theme_from_prompt PASSED [ 11%]
tests/agents/test_quest_agent.py::TestQuestAgent::test_extract_theme_default PASSED [ 11%]
tests/agents/test_quest_agent_coverage.py::TestQuestAgentHappyPath::test_quest_executes_with_world PASSED [ 11%]
tests/agents/test_quest_agent_coverage.py::TestQuestAgentHappyPath::test_quest_extracts_issavi_theme PASSED [ 11%]
tests/agents/test_quest_agent_coverage.py::TestQuestAgentHappyPath::test_quest_extracts_roshamuul_theme PASSED [ 11%]
tests/agents/test_quest_agent_coverage.py::TestQuestAgentHappyPath::test_quest_extracts_soul_war_theme PASSED [ 11%]
tests/agents/test_quest_agent_coverage.py::TestQuestAgentHappyPath::test_quest_default_theme PASSED [ 11%]
tests/agents/test_quest_agent_coverage.py::TestQuestAgentHappyPath::test_quest_with_explicit_theme PASSED [ 11%]
tests/agents/test_quest_agent_coverage.py::TestQuestAgentHappyPath::test_quest_level_range_in_report PASSED [ 11%]
tests/agents/test_quest_agent_coverage.py::TestQuestAgentHappyPath::test_quest_with_world_in_context PASSED [ 12%]
tests/agents/test_quest_agent_coverage.py::TestQuestAgentErrorHandling::test_quest_with_none_input PASSED [ 12%]
tests/agents/test_quest_agent_coverage.py::TestQuestAgentErrorHandling::test_quest_with_empty_dict PASSED [ 12%]
tests/agents/test_quest_agent_coverage.py::TestQuestAgentErrorHandling::test_quest_logger_uses_agent_id PASSED [ 12%]
tests/agents/test_quest_agent_coverage.py::TestQuestAgentErrorHandling::test_quest_metrics_present PASSED [ 12%]
tests/agents/test_quest_agent_coverage.py::TestQuestAgentErrorHandling::test_quest_fallback_has_campaign_structure PASSED [ 12%]
tests/agents/test_quest_agent_coverage.py::TestQuestAgentErrorHandling::test_quest_extract_theme_library PASSED [ 12%]
tests/agents/test_quest_agent_coverage.py::TestQuestAgentErrorHandling::test_quest_extract_theme_falcon PASSED [ 12%]
tests/agents/test_quest_agent_coverage.py::TestQuestAgentErrorHandling::test_quest_extract_theme_cobra PASSED [ 12%]
tests/agents/test_quest_agent_coverage.py::TestQuestAgentErrorHandling::test_quest_extract_theme_darashia PASSED [ 12%]
tests/agents/test_quest_agent_coverage.py::TestQuestAgentErrorHandling::test_quest_extract_theme_case_insensitive PASSED [ 12%]
tests/agents/test_quest_agent_coverage.py::TestQuestAgentErrorHandling::test_quest_extract_theme_fallback PASSED [ 12%]
tests/agents/test_quest_agent_coverage.py::TestQuestAgentErrorHandling::test_quest_fallback_campaign_direct PASSED [ 12%]
tests/agents/test_quest_agent_coverage.py::TestQuestAgentErrorHandling::test_quest_resolve_world_with_dict PASSED [ 12%]
tests/agents/test_quest_agent_coverage.py::TestQuestAgentErrorHandling::test_quest_resolve_world_passthrough PASSED [ 12%]
tests/agents/test_quest_agent_coverage.py::TestQuestAgentErrorHandling::test_quest_get_generators_cached PASSED [ 12%]
tests/agents/test_quest_agent_coverage.py::TestQuestAgentErrorHandling::test_quest_handles_exception PASSED [ 12%]
tests/agents/test_quest_agent_coverage.py::TestQuestAgentErrorHandling::test_quest_with_npc_count PASSED [ 12%]
tests/agents/test_quest_agent_coverage.py::TestQuestAgentErrorHandling::test_quest_safe_int_various_inputs PASSED [ 13%]
tests/agents/test_quest_agent_coverage.py::TestQuestAgentErrorHandling::test_quest_level_range_swap PASSED [ 13%]
tests/agents/test_quest_agent_coverage.py::TestQuestAgentErrorHandling::test_quest_resolve_world_import_error PASSED [ 13%]
tests/agents/test_quest_agent_coverage.py::TestQuestAgentErrorHandling::test_quest_get_generators_import_error PASSED [ 13%]
tests/agents/test_quest_agent_coverage.py::TestQuestAgentErrorHandling::test_quest_execute_with_parent_task_id PASSED [ 13%]
tests/campaign/test_campaign_export.py::TestCampaignGeneration::test_generate_basic_campaign PASSED [ 13%]
tests/campaign/test_campaign_export.py::TestCampaignGeneration::test_campaign_has_lore PASSED [ 13%]
tests/campaign/test_campaign_export.py::TestCampaignGeneration::test_campaign_has_factions PASSED [ 13%]
tests/campaign/test_campaign_export.py::TestCampaignGeneration::test_campaign_has_npcs PASSED [ 13%]
tests/campaign/test_campaign_export.py::TestCampaignGeneration::test_campaign_has_main_story PASSED [ 13%]
tests/campaign/test_campaign_export.py::TestCampaignGeneration::test_campaign_has_side_quests PASSED [ 13%]
tests/campaign/test_campaign_export.py::TestCampaignGeneration::test_campaign_has_economy PASSED [ 13%]
tests/campaign/test_campaign_export.py::TestCampaignGeneration::test_campaign_has_dialogs PASSED [ 13%]
tests/campaign/test_campaign_export.py::TestCampaignGeneration::test_campaign_has_bosses PASSED [ 13%]
tests/campaign/test_campaign_export.py::TestCampaignGeneration::test_campaign_has_raids PASSED [ 13%]
tests/campaign/test_campaign_export.py::TestCampaignGeneration::test_generate_never_returns_none PASSED [ 13%]
tests/campaign/test_campaign_export.py::TestCampaignJsonExport::test_save_to_json PASSED [ 13%]
tests/campaign/test_campaign_export.py::TestCampaignJsonExport::test_json_is_valid PASSED [ 14%]
tests/campaign/test_campaign_export.py::TestCampaignJsonExport::test_load_back PASSED [ 14%]
tests/campaign/test_campaign_export.py::TestCampaignJsonExport::test_package_save_load_roundtrip PASSED [ 14%]
tests/campaign/test_campaign_export.py::TestCampaignValidator::test_validate_ok_package PASSED [ 14%]
tests/campaign/test_campaign_export.py::TestCampaignValidator::test_validate_minimal_package PASSED [ 14%]
tests/campaign/test_campaign_export.py::TestCampaignValidator::test_validate_none_fails PASSED [ 14%]
tests/campaign/test_campaign_export.py::TestCampaignValidator::test_validate_dict_missing_key PASSED [ 14%]
tests/campaign/test_campaign_export.py::TestCampaignValidator::test_validate_dict_wrong_type PASSED [ 14%]
tests/campaign/test_campaign_export.py::TestNeverNoneContract::test_package_minimal_is_not_none PASSED [ 14%]
tests/campaign/test_campaign_export.py::TestNeverNoneContract::test_package_ensure_none_returns_minimal PASSED [ 14%]
tests/campaign/test_campaign_export.py::TestNeverNoneContract::test_package_ensure_dict_wraps PASSED [ 14%]
tests/campaign/test_campaign_export.py::TestQuestAgentContract::test_quest_agent_returns_campaign PASSED [ 14%]
tests/campaign/test_campaign_export.py::TestQuestAgentContract::test_quest_agent_with_no_theme PASSED [ 14%]
tests/campaign/test_campaign_export.py::TestQuestAgentContract::test_quest_agent_with_prompt_only PASSED [ 14%]
tests/campaign/test_campaign_export.py::TestExportAgentContract::test_export_writes_campaign_json_with_data PASSED [ 14%]
tests/campaign/test_campaign_export.py::TestExportAgentContract::test_export_writes_campaign_json_without_data PASSED [ 14%]
tests/campaign/test_campaign_export.py::TestBenchmarkScenario::test_issavi_roshamuul_hybrid_campaign PASSED [ 14%]
tests/campaign/test_campaign_export.py::TestBenchmarkScenario::test_save_combined_campaign_to_json PASSED [ 14%]
tests/campaign/test_campaign_fallback.py::TestCampaignPackageFallback::test_minimal_returns_valid_package PASSED [ 15%]
tests/campaign/test_campaign_fallback.py::TestCampaignPackageFallback::test_minimal_carries_errors PASSED [ 15%]
tests/campaign/test_campaign_fallback.py::TestCampaignPackageFallback::test_ensure_none_returns_minimal PASSED [ 15%]
tests/campaign/test_campaign_fallback.py::TestCampaignPackageFallback::test_ensure_dict_wraps_correctly PASSED [ 15%]
tests/campaign/test_campaign_fallback.py::TestCampaignPackageFallback::test_ensure_package_passes_through PASSED [ 15%]
tests/campaign/test_campaign_fallback.py::TestCampaignPackageFallback::test_ensure_string_wraps PASSED [ 15%]
tests/campaign/test_campaign_fallback.py::TestCampaignPackageFallback::test_minimal_serialization PASSED [ 15%]
tests/campaign/test_campaign_fallback.py::TestCampaignPackageFallback::test_minimal_save_load PASSED [ 15%]
tests/campaign/test_campaign_fallback.py::TestQuestAgentFallback::test_quest_agent_with_no_parameters PASSED [ 15%]
tests/campaign/test_campaign_fallback.py::TestQuestAgentFallback::test_quest_agent_with_none_world PASSED [ 15%]
tests/campaign/test_campaign_fallback.py::TestQuestAgentFallback::test_quest_agent_with_garbage_parameters PASSED [ 15%]
tests/campaign/test_campaign_fallback.py::TestQuestAgentFallback::test_quest_agent_output_is_never_none PASSED [ 15%]
tests/campaign/test_campaign_fallback.py::TestExportAgentFallback::test_export_with_no_context PASSED [ 15%]
tests/campaign/test_campaign_fallback.py::TestExportAgentFallback::test_export_with_none_campaign PASSED [ 15%]
tests/campaign/test_campaign_fallback.py::TestExportAgentFallback::test_export_with_empty_dict PASSED [ 15%]
tests/campaign/test_campaign_fallback.py::TestExportAgentFallback::test_export_with_malformed_campaign PASSED [ 15%]
tests/campaign/test_campaign_fallback.py::TestExportAgentFallback::test_export_fallback_passes_validator PASSED [ 15%]
tests/campaign/test_campaign_fallback.py::TestGeneratorFallback::test_generate_with_none_theme PASSED [ 16%]
tests/campaign/test_campaign_fallback.py::TestGeneratorFallback::test_generate_with_empty_string_theme PASSED [ 16%]
tests/campaign/test_campaign_fallback.py::TestGeneratorFallback::test_generate_with_garbage_level_range PASSED [ 16%]
tests/campaign/test_campaign_fallback.py::TestGeneratorFallback::test_generate_with_zero_npcs PASSED [ 16%]
tests/campaign/test_campaign_fallback.py::TestGeneratorFallback::test_load_corrupt_json_returns_minimal PASSED [ 16%]
tests/campaign/test_campaign_fallback.py::TestGeneratorFallback::test_load_missing_file_returns_minimal PASSED [ 16%]
tests/campaign/test_campaign_fallback.py::TestEndToEndFallback::test_broken_input_still_produces_campaign_json PASSED [ 16%]
tests/campaign/test_campaign_pipeline.py::TestPromptToQuestAgent::test_issavi_prompt PASSED [ 16%]
tests/campaign/test_campaign_pipeline.py::TestPromptToQuestAgent::test_roshamuul_prompt PASSED [ 16%]
tests/campaign/test_campaign_pipeline.py::TestPromptToQuestAgent::test_darashia_prompt PASSED [ 16%]
tests/campaign/test_campaign_pipeline.py::TestPromptToQuestAgent::test_prompt_without_parameters PASSED [ 16%]
tests/campaign/test_campaign_pipeline.py::TestQuestAgentToExportAgent::test_quest_output_is_export_ready PASSED [ 16%]
tests/campaign/test_campaign_pipeline.py::TestExportAgentToFile::test_writes_valid_json PASSED [ 16%]
tests/campaign/test_campaign_pipeline.py::TestExportAgentToFile::test_writes_json_with_minimal_package PASSED [ 16%]
tests/campaign/test_campaign_pipeline.py::TestExportAgentToFile::test_writes_json_with_no_campaign PASSED [ 16%]
tests/campaign/test_campaign_pipeline.py::TestFileToValidator::test_exported_file_passes_validator PASSED [ 16%]
tests/campaign/test_campaign_pipeline.py::TestFileToValidator::test_fallback_file_passes_validator PASSED [ 16%]
tests/campaign/test_campaign_pipeline.py::TestEndToEndPipeline::test_prompt_produces_valid_campaign_json[Issavi dungeon for levels 300-500, 3 hunts, 2 bosses, 1 raid, quest principal] PASSED [ 16%]
tests/campaign/test_campaign_pipeline.py::TestEndToEndPipeline::test_prompt_produces_valid_campaign_json[Roshamuul raid for high levels] PASSED [ 17%]
tests/campaign/test_campaign_pipeline.py::TestEndToEndPipeline::test_prompt_produces_valid_campaign_json[Darashia plains with desert bosses] PASSED [ 17%]
tests/campaign/test_campaign_pipeline.py::TestEndToEndPipeline::test_prompt_produces_valid_campaign_json[Soul War campaign with the choirs] PASSED [ 17%]
tests/campaign/test_campaign_pipeline.py::TestEndToEndPipeline::test_prompt_produces_valid_campaign_json[Library expedition for scholars] PASSED [ 17%]
tests/campaign/test_campaign_pipeline.py::TestRequiredKeys::test_quests_key_present PASSED [ 17%]
tests/campaign/test_campaign_pipeline.py::TestRequiredKeys::test_bosses_key_present PASSED [ 17%]
tests/campaign/test_campaign_pipeline.py::TestRequiredKeys::test_raids_key_present PASSED [ 17%]
tests/campaign/test_campaign_pipeline.py::TestRequiredKeys::test_story_key_present PASSED [ 17%]
tests/campaign/test_campaign_pipeline.py::TestRequiredKeys::test_rewards_key_present PASSED [ 17%]
tests/common/test_datetime_timezone.py::TestTimezoneAwareTimestamps::test_multi_agent_result_timestamp_is_timezone_aware PASSED [ 17%]
tests/common/test_datetime_timezone.py::TestTimezoneAwareTimestamps::test_agent_response_timestamp_is_timezone_aware PASSED [ 17%]
tests/common/test_datetime_timezone.py::TestTimezoneAwareTimestamps::test_agent_task_timestamps_are_timezone_aware PASSED [ 17%]
tests/common/test_datetime_timezone.py::TestTimezoneAwareTimestamps::test_workflow_state_timestamps_are_timezone_aware PASSED [ 17%]
tests/common/test_datetime_timezone.py::TestNoDatetimeUtcnowInSource::test_no_utcnow_in_source PASSED [ 17%]
tests/common/test_datetime_timezone.py::TestStandardDatetime::test_datetime_now_utc_is_timezone_aware PASSED [ 17%]
tests/common/test_datetime_timezone.py::TestStandardDatetime::test_iso_format_includes_timezone PASSED [ 17%]
tests/common/test_timezone_compliance.py::TestTimezoneCompliance::test_no_utcnow_in_source PASSED [ 17%]
tests/common/test_timezone_compliance.py::TestTimezoneCompliance::test_multi_agent_result_completed_at PASSED [ 18%]
tests/common/test_timezone_compliance.py::TestTimezoneCompliance::test_agent_response_timestamp PASSED [ 18%]
tests/common/test_timezone_compliance.py::TestTimezoneCompliance::test_agent_task_timestamps PASSED [ 18%]
tests/common/test_timezone_compliance.py::TestTimezoneCompliance::test_workflow_state_timestamps PASSED [ 18%]
tests/common/test_timezone_compliance.py::TestTimezoneCompliance::test_datetime_now_utc_is_aware PASSED [ 18%]
tests/common/test_timezone_compliance.py::TestTimezoneCompliance::test_iso_format_includes_timezone PASSED [ 18%]
tests/e2e/test_full_pipeline.py::TestFullPipelineInit::test_create PASSED [ 18%]
tests/e2e/test_full_pipeline.py::TestFullPipelineInit::test_create_with_output_dir PASSED [ 18%]
tests/e2e/test_full_pipeline.py::TestFullPipelineRun::test_run_default PASSED [ 18%]
tests/e2e/test_full_pipeline.py::TestFullPipelineRun::test_run_with_prompt PASSED [ 18%]
tests/e2e/test_full_pipeline.py::TestFullPipelineRun::test_run_creates_world PASSED [ 18%]
tests/e2e/test_full_pipeline.py::TestFullPipelineRun::test_run_expands_world PASSED [ 18%]
tests/e2e/test_full_pipeline.py::TestFullPipelineRun::test_run_balances_world PASSED [ 18%]
tests/e2e/test_full_pipeline.py::TestFullPipelineRun::test_run_generates_campaign PASSED [ 18%]
tests/e2e/test_full_pipeline.py::TestFullPipelineRun::test_run_records_stages PASSED [ 18%]
tests/e2e/test_full_pipeline.py::TestFullPipelineRun::test_run_records_time PASSED [ 18%]
tests/e2e/test_full_pipeline.py::TestFullPipelineRun::test_run_produces_output_files PASSED [ 18%]
tests/e2e/test_full_pipeline.py::TestPipelineResult::test_to_dict PASSED [ 18%]
tests/e2e/test_full_pipeline.py::TestPipelinePromptParsing::test_parse_issavi PASSED [ 19%]
tests/e2e/test_full_pipeline.py::TestPipelinePromptParsing::test_parse_roshamuul PASSED [ 19%]
tests/e2e/test_full_pipeline.py::TestPipelinePromptParsing::test_parse_default PASSED [ 19%]
tests/e2e/test_full_pipeline.py::TestE2EIntegration::test_full_pipeline_issavi_300_500 PASSED [ 19%]
tests/e2e/test_full_pipeline.py::TestE2EIntegration::test_all_subsystems_integrated PASSED [ 19%]
tests/e2e/test_full_pipeline.py::TestE2EIntegration::test_output_files_written PASSED [ 19%]
tests/e2e/test_full_pipeline.py::TestE2EIntegration::test_campaign_json_valid PASSED [ 19%]
tests/e2e/test_full_pipeline.py::TestE2EIntegration::test_world_has_spawns_after_pipeline PASSED [ 19%]
tests/e2e/test_full_pipeline.py::TestE2EIntegration::test_world_has_regions_after_pipeline PASSED [ 19%]
tests/integration/test_agent_error_recovery.py::TestAgentErrorRecovery::test_pipeline_continues_after_agent_failure PASSED [ 19%]
tests/integration/test_agent_error_recovery.py::TestAgentErrorRecovery::test_empty_registry_handling PASSED [ 19%]
tests/integration/test_agent_error_recovery.py::TestAgentErrorRecovery::test_all_agents_fail_gracefully PASSED [ 19%]
tests/integration/test_multi_agent_export.py::TestMultiAgentExport::test_export_generates_artifacts PASSED [ 19%]
tests/integration/test_multi_agent_export.py::TestMultiAgentExport::test_export_report_json PASSED [ 19%]
tests/integration/test_multi_agent_export.py::TestMultiAgentExport::test_agent_metrics_file PASSED [ 19%]
tests/integration/test_multi_agent_pipeline.py::TestMultiAgentPipeline::test_full_pipeline_execution PASSED [ 19%]
tests/integration/test_multi_agent_pipeline.py::TestMultiAgentPipeline::test_pipeline_metrics PASSED [ 19%]
tests/integration/test_multi_agent_pipeline.py::TestMultiAgentPipeline::test_pipeline_artifacts PASSED [ 20%]
tests/integration/test_multi_agent_pipeline.py::TestMultiAgentPipeline::test_pipeline_with_custom_parameters PASSED [ 20%]
tests/integration/test_multi_agent_pipeline.py::TestMultiAgentPipeline::test_pipeline_logs_created PASSED [ 20%]
tests/integration/test_multi_agent_pipeline.py::TestMultiAgentPipeline::test_pipeline_metrics_file_created PASSED [ 20%]
tests/lua/test_lua_backward_compatibility.py::TestAcceptedCallSignatures::test_call_with_no_arguments PASSED [ 20%]
tests/lua/test_lua_backward_compatibility.py::TestAcceptedCallSignatures::test_call_with_none PASSED [ 20%]
tests/lua/test_lua_backward_compatibility.py::TestAcceptedCallSignatures::test_call_with_world_only PASSED [ 20%]
tests/lua/test_lua_backward_compatibility.py::TestAcceptedCallSignatures::test_call_with_world_and_plan PASSED [ 20%]
tests/lua/test_lua_backward_compatibility.py::TestAcceptedCallSignatures::test_call_with_plan_as_first_positional PASSED [ 20%]
tests/lua/test_lua_backward_compatibility.py::TestAcceptedCallSignatures::test_call_with_hunt_area_kwarg PASSED [ 20%]
tests/lua/test_lua_backward_compatibility.py::TestAcceptedCallSignatures::test_call_with_world_and_dict_plan PASSED [ 20%]
tests/lua/test_lua_backward_compatibility.py::TestAcceptedCallSignatures::test_call_with_world_and_explicit_none_plan PASSED [ 20%]
tests/lua/test_lua_backward_compatibility.py::TestAcceptedCallSignatures::test_call_with_map_name_kwarg PASSED [ 20%]
tests/lua/test_lua_backward_compatibility.py::TestBehaviouralCompatibility::test_explicit_plan_unchanged PASSED [ 20%]
tests/lua/test_lua_backward_compatibility.py::TestBehaviouralCompatibility::test_dict_plan_still_supported PASSED [ 20%]
tests/lua/test_lua_backward_compatibility.py::TestBehaviouralCompatibility::test_only_approved_lua_api PASSED [ 20%]
tests/lua/test_lua_backward_compatibility.py::TestBehaviouralCompatibility::test_direction_constant_used PASSED [ 20%]
tests/lua/test_lua_backward_compatibility.py::TestBehaviouralCompatibility::test_app_hasMap_guard_present PASSED [ 20%]
tests/lua/test_lua_backward_compatibility.py::TestBehaviouralCompatibility::test_function_end_blocks_match PASSED [ 21%]
tests/lua/test_lua_backward_compatibility.py::TestRoomBasedSpawnGeneratorBC::test_room_generator_still_works PASSED [ 21%]
tests/lua/test_lua_backward_compatibility.py::TestRoomBasedSpawnGeneratorBC::test_room_generator_boss_room PASSED [ 21%]
tests/lua/test_lua_backward_compatibility.py::TestRoomBasedSpawnGeneratorBC::test_room_based_plan_feeds_into_lua_generator PASSED [ 21%]
tests/lua/test_lua_backward_compatibility.py::TestPublicApiSmokeTests::test_lua_script_dataclass_unchanged PASSED [ 21%]
tests/lua/test_lua_backward_compatibility.py::TestPublicApiSmokeTests::test_lua_generator_instantiation PASSED [ 21%]
tests/lua/test_lua_backward_compatibility.py::TestPublicApiSmokeTests::test_generated_code_is_string PASSED [ 21%]
tests/lua/test_lua_backward_compatibility.py::TestPublicApiSmokeTests::test_generated_code_non_empty PASSED [ 21%]
tests/lua/test_lua_export_pipeline.py::TestLuaExportPipeline::test_export_writes_file PASSED [ 21%]
tests/lua/test_lua_export_pipeline.py::TestLuaExportPipeline::test_export_balanced_parentheses PASSED [ 21%]
tests/lua/test_lua_export_pipeline.py::TestLuaExportPipeline::test_export_with_complex_world PASSED [ 21%]
tests/lua/test_lua_export_pipeline.py::TestLuaExportPipeline::test_export_with_issavi_roshamuul_simulation PASSED [ 21%]
tests/lua/test_lua_export_pipeline.py::TestLuaExportPipeline::test_export_handles_missing_boss PASSED [ 21%]
tests/lua/test_lua_export_pipeline.py::TestLuaExportPipeline::test_export_handles_empty_plan PASSED [ 21%]
tests/lua/test_lua_generator.py::TestLuaGeneratorWorldOnly::test_generate_with_world_model PASSED [ 21%]
tests/lua/test_lua_generator.py::TestLuaGeneratorWorldOnly::test_generate_with_empty_world PASSED [ 21%]
tests/lua/test_lua_generator.py::TestLuaGeneratorWorldOnly::test_generate_with_none_world PASSED [ 21%]
tests/lua/test_lua_generator.py::TestLuaGeneratorWorldOnly::test_generate_with_dict_world PASSED [ 22%]
tests/lua/test_lua_generator.py::TestLuaGeneratorWorldOnly::test_generate_with_none_and_spawn_plan PASSED [ 22%]
tests/lua/test_lua_generator.py::TestLuaGeneratorWithSpawnPlan::test_generate_with_dataclass_plan PASSED [ 22%]
tests/lua/test_lua_generator.py::TestLuaGeneratorWithSpawnPlan::test_generate_with_dict_plan PASSED [ 22%]
tests/lua/test_lua_generator.py::TestLuaGeneratorWithSpawnPlan::test_generate_with_plan_as_first_arg PASSED [ 22%]
tests/lua/test_lua_generator.py::TestLuaScriptContent::test_lua_has_header PASSED [ 22%]
tests/lua/test_lua_generator.py::TestLuaScriptContent::test_lua_has_map_guard PASSED [ 22%]
tests/lua/test_lua_generator.py::TestLuaScriptContent::test_lua_uses_only_approved_api PASSED [ 22%]
tests/lua/test_lua_generator.py::TestLuaScriptContent::test_lua_spawn_line_contains_direction PASSED [ 22%]
tests/lua/test_lua_generator.py::TestLuaScriptContent::test_lua_custom_map_name PASSED [ 22%]
tests/lua/test_lua_generator.py::TestLuaScriptContent::test_lua_with_borderize PASSED [ 22%]
tests/lua/test_lua_generator.py::TestLuaScriptContent::test_lua_with_items PASSED [ 22%]
tests/lua/test_lua_generator.py::TestLuaScriptContent::test_lua_with_wall PASSED [ 22%]
tests/lua/test_lua_generator.py::TestLuaScriptStatistics::test_empty_world_stats PASSED [ 22%]
tests/lua/test_lua_generator.py::TestLuaScriptStatistics::test_stats_with_spawns_and_boss PASSED [ 22%]
tests/lua/test_lua_pipeline.py::TestLuaPipeline::test_pipeline_world_to_lua_file PASSED [ 22%]
tests/lua/test_lua_pipeline.py::TestLuaPipeline::test_pipeline_with_explicit_plan PASSED [ 22%]
tests/lua/test_lua_pipeline.py::TestLuaPipeline::test_pipeline_complex_world_5x5 PASSED [ 22%]
tests/lua/test_lua_pipeline.py::TestLuaPipeline::test_pipeline_with_two_zones PASSED [ 23%]
tests/lua/test_lua_pipeline.py::TestLuaPipeline::test_pipeline_empty_world PASSED [ 23%]
tests/lua/test_lua_pipeline.py::TestLuaPipeline::test_pipeline_no_exception_on_realistic_input PASSED [ 23%]
tests/lua/test_lua_pipeline.py::TestSpawnDerivationInPipeline::test_auto_plan_uses_world_spawns PASSED [ 23%]
tests/lua/test_lua_pipeline.py::TestSpawnDerivationInPipeline::test_auto_plan_with_boss PASSED [ 23%]
tests/lua/test_lua_pipeline.py::TestSpawnDerivationInPipeline::test_spawn_generator_then_lua_generator PASSED [ 23%]
tests/lua/test_spawn_generation.py::TestSpawnGeneratorGenerateForWorld::test_none_returns_empty_plan PASSED [ 23%]
tests/lua/test_spawn_generation.py::TestSpawnGeneratorGenerateForWorld::test_empty_world_returns_empty_plan PASSED [ 23%]
tests/lua/test_spawn_generation.py::TestSpawnGeneratorGenerateForWorld::test_world_with_tiles_no_spawns PASSED [ 23%]
tests/lua/test_spawn_generation.py::TestSpawnGeneratorGenerateForWorld::test_world_with_regular_spawns PASSED [ 23%]
tests/lua/test_spawn_generation.py::TestSpawnGeneratorGenerateForWorld::test_world_with_boss_spawn PASSED [ 23%]
tests/lua/test_spawn_generation.py::TestSpawnGeneratorGenerateForWorld::test_world_with_dict_spawn_object PASSED [ 23%]
tests/lua/test_spawn_generation.py::TestSpawnGeneratorGenerateForWorld::test_dict_world_with_spawns_key PASSED [ 23%]
tests/lua/test_spawn_generation.py::TestSpawnGeneratorGenerateForWorld::test_dict_world_with_boss_spawn PASSED [ 23%]
tests/lua/test_spawn_generation.py::TestSpawnGeneratorGenerateForWorld::test_dict_world_empty PASSED [ 23%]
tests/lua/test_spawn_generation.py::TestSpawnGeneratorGenerateForWorld::test_preserves_tile_coordinates PASSED [ 23%]
tests/lua/test_spawn_generation.py::TestLuaGeneratorAutoSpawnPlan::test_generate_world_with_spawns_auto_uses_them PASSED [ 23%]
tests/lua/test_spawn_generation.py::TestLuaGeneratorAutoSpawnPlan::test_generate_world_no_spawns_still_runs PASSED [ 24%]
tests/lua/test_spawn_generation.py::TestLuaGeneratorAutoSpawnPlan::test_generate_world_boss_appears_in_script PASSED [ 24%]
tests/lua/test_spawn_generation.py::TestLuaGeneratorAutoSpawnPlan::test_explicit_spawn_plan_takes_precedence PASSED [ 24%]
tests/lua/test_spawn_generation.py::TestLuaGeneratorAutoSpawnPlan::test_generate_with_explicit_dict_plan_does_not_auto_fallback PASSED [ 24%]
tests/lua/test_spawn_plan_generation.py::TestSpawnPlanDataClass::test_default_empty PASSED [ 24%]
tests/lua/test_spawn_plan_generation.py::TestSpawnPlanDataClass::test_with_spawns PASSED [ 24%]
tests/lua/test_spawn_plan_generation.py::TestSpawnPlanDataClass::test_spawn_entry_is_boss PASSED [ 24%]
tests/lua/test_spawn_plan_generation.py::TestSpawnGenerator::test_generate_for_spawn_rooms PASSED [ 24%]
tests/lua/test_spawn_plan_generation.py::TestSpawnGenerator::test_generate_for_boss_room PASSED [ 24%]
tests/lua/test_spawn_plan_generation.py::TestSpawnGenerator::test_generate_with_empty_rooms PASSED [ 24%]
tests/lua/test_spawn_plan_generation.py::TestSpawnGenerator::test_difficulty_tier_easy PASSED [ 24%]
tests/lua/test_spawn_plan_generation.py::TestSpawnGenerator::test_difficulty_tier_medium PASSED [ 24%]
tests/lua/test_spawn_plan_generation.py::TestSpawnGenerator::test_difficulty_tier_hard PASSED [ 24%]
tests/lua/test_spawn_plan_generation.py::TestSpawnGenerator::test_difficulty_tier_extreme PASSED [ 24%]
tests/lua/test_spawn_plan_generation.py::TestSpawnGenerator::test_monster_tiers_defined PASSED [ 24%]
tests/lua/test_spawn_plan_generation.py::TestSpawnPlanInLuaGenerator::test_plan_with_no_boss PASSED [ 24%]
tests/lua/test_spawn_plan_generation.py::TestSpawnPlanInLuaGenerator::test_plan_with_boss PASSED [ 24%]
tests/lua/test_spawn_plan_generation.py::TestSpawnPlanInLuaGenerator::test_plan_with_zero_interval_uses_default PASSED [ 24%]
tests/lua/test_spawn_plan_generation.py::TestSpawnPlanInLuaGenerator::test_plan_with_z_zero_kept_as_zero PASSED [ 25%]
tests/lua/test_spawn_plan_generation.py::TestSpawnPlanInLuaGenerator::test_plan_with_z_7_kept PASSED [ 25%]
tests/otbm/test_otbm_byte_ranges.py::TestBinaryWriterUint8::test_valid_u8_writes_byte PASSED [ 25%]
tests/otbm/test_otbm_byte_ranges.py::TestBinaryWriterUint8::test_u8_boundary_zero PASSED [ 25%]
tests/otbm/test_otbm_byte_ranges.py::TestBinaryWriterUint8::test_u8_boundary_max PASSED [ 25%]
tests/otbm/test_otbm_byte_ranges.py::TestBinaryWriterUint8::test_u8_above_range_clamps PASSED [ 25%]
tests/otbm/test_otbm_byte_ranges.py::TestBinaryWriterUint8::test_u8_negative_clamps PASSED [ 25%]
tests/otbm/test_otbm_byte_ranges.py::TestBinaryWriterUint8::test_u8_none_treated_as_zero PASSED [ 25%]
tests/otbm/test_otbm_byte_ranges.py::TestBinaryWriterUint8::test_u8_non_numeric_uses_zero PASSED [ 25%]
tests/otbm/test_otbm_byte_ranges.py::TestBinaryWriterUint16::test_valid_u16 PASSED [ 25%]
tests/otbm/test_otbm_byte_ranges.py::TestBinaryWriterUint16::test_u16_boundary_max PASSED [ 25%]
tests/otbm/test_otbm_byte_ranges.py::TestBinaryWriterUint16::test_u16_above_range_clamps PASSED [ 25%]
tests/otbm/test_otbm_byte_ranges.py::TestBinaryWriterUint16::test_u16_negative_clamps PASSED [ 25%]
tests/otbm/test_otbm_byte_ranges.py::TestBinaryWriterUint32::test_valid_u32 PASSED [ 25%]
tests/otbm/test_otbm_byte_ranges.py::TestBinaryWriterUint32::test_u32_huge_value_clamps PASSED [ 25%]
tests/otbm/test_otbm_byte_ranges.py::TestBinaryWriterValidation::test_validate_u8_in_range PASSED [ 25%]
tests/otbm/test_otbm_byte_ranges.py::TestBinaryWriterValidation::test_validate_u8_out_of_range_raises PASSED [ 25%]
tests/otbm/test_otbm_byte_ranges.py::TestBinaryWriterValidation::test_validate_u8_none_raises PASSED [ 26%]
tests/otbm/test_otbm_byte_ranges.py::TestBinaryWriterValidation::test_validate_u16_in_range PASSED [ 26%]
tests/otbm/test_otbm_byte_ranges.py::TestBinaryWriterValidation::test_validate_u16_out_of_range_raises PASSED [ 26%]
tests/otbm/test_otbm_byte_ranges.py::TestBinaryWriterValidation::test_validate_u32_in_range PASSED [ 26%]
tests/otbm/test_otbm_byte_ranges.py::TestBinaryWriterValidation::test_validate_u32_out_of_range_raises PASSED [ 26%]
tests/otbm/test_otbm_byte_ranges.py::TestNodeEncoderByteRange::test_encode_root_with_normal_values PASSED [ 26%]
tests/otbm/test_otbm_byte_ranges.py::TestNodeEncoderByteRange::test_encode_root_with_extreme_values PASSED [ 26%]
tests/otbm/test_otbm_byte_ranges.py::TestNodeEncoderByteRange::test_encode_tile_area_with_extreme_z PASSED [ 26%]
tests/otbm/test_otbm_byte_ranges.py::TestNodeEncoderByteRange::test_encode_tile_with_extreme_flags PASSED [ 26%]
tests/otbm/test_otbm_byte_ranges.py::TestNodeEncoderByteRange::test_encode_spawn_area_extreme_radius PASSED [ 26%]
tests/otbm/test_otbm_byte_ranges.py::TestNodeEncoderByteRange::test_encode_monster_extreme_spawntime PASSED [ 26%]
tests/otbm/test_otbm_byte_ranges.py::TestNodeEncoderByteRange::test_encode_town_extreme_id PASSED [ 26%]
tests/otbm/test_otbm_byte_ranges.py::TestNodeEncoderByteRange::test_encode_waypoint_extreme_coords PASSED [ 26%]
tests/otbm/test_otbm_byte_ranges.py::TestTileEncoderByteRange::test_offset_clamped_above_255 PASSED [ 26%]
tests/otbm/test_otbm_byte_ranges.py::TestTileEncoderByteRange::test_offset_clamped_negative PASSED [ 26%]
tests/otbm/test_otbm_byte_ranges.py::TestTileEncoderByteRange::test_spawn_area_extreme_values PASSED [ 26%]
tests/otbm/test_otbm_byte_ranges.py::TestTileEncoderByteRange::test_house_tile_extreme_id PASSED [ 26%]
tests/otbm/test_otbm_export_validation.py::TestOTBMRoundtripPipeline::test_roundtrip_basic PASSED [ 26%]
tests/otbm/test_otbm_export_validation.py::TestOTBMRoundtripPipeline::test_roundtrip_through_exporter PASSED [ 27%]
tests/otbm/test_otbm_export_validation.py::TestOTBMRoundtripPipeline::test_roundtrip_with_extreme_ids PASSED [ 27%]
tests/otbm/test_otbm_export_validation.py::TestOTBMValidation::test_valid_otbm_passes PASSED [ 27%]
tests/otbm/test_otbm_export_validation.py::TestOTBMValidation::test_empty_data_fails PASSED [ 27%]
tests/otbm/test_otbm_export_validation.py::TestOTBMValidation::test_bad_magic_fails PASSED [ 27%]
tests/otbm/test_otbm_export_validation.py::TestOTBMValidation::test_truncated_otbm_fails PASSED [ 27%]
tests/otbm/test_otbm_export_validation.py::TestOTBMPreview::test_get_preview_returns_dict PASSED [ 27%]
tests/otbm/test_otbm_importer.py::test_parser_basic PASSED               [ 27%]
tests/otbm/test_otbm_importer.py::test_parser_invalid_magic PASSED       [ 27%]
tests/otbm/test_otbm_importer.py::test_parser_truncated PASSED           [ 27%]
tests/otbm/test_otbm_importer.py::test_node_decoder_root PASSED          [ 27%]
tests/otbm/test_otbm_importer.py::test_node_decoder_tile_area PASSED     [ 27%]
tests/otbm/test_otbm_importer.py::test_node_decoder_spawns PASSED        [ 27%]
tests/otbm/test_otbm_importer.py::test_node_decoder_towns PASSED         [ 27%]
tests/otbm/test_otbm_importer.py::test_node_decoder_waypoints PASSED     [ 27%]
tests/otbm/test_otbm_importer.py::test_tile_decoder PASSED               [ 27%]
tests/otbm/test_otbm_importer.py::test_item_decoder PASSED               [ 27%]
tests/otbm/test_otbm_importer.py::test_world_builder PASSED              [ 28%]
tests/otbm/test_otbm_importer.py::test_world_builder_to_worldmodel PASSED [ 28%]
tests/otbm/test_otbm_importer.py::test_importer_import_file PASSED       [ 28%]
tests/otbm/test_otbm_importer.py::test_importer_import_bytes PASSED      [ 28%]
tests/otbm/test_otbm_importer.py::test_importer_file_not_found PASSED    [ 28%]
tests/otbm/test_otbm_importer.py::test_importer_to_worldmodel PASSED     [ 28%]
tests/otbm/test_otbm_importer.py::test_importer_preview PASSED           [ 28%]
tests/otbm/test_otbm_importer.py::test_world_builder_invalid PASSED      [ 28%]
tests/otbm/test_otbm_importer.py::test_round_trip_basic PASSED           [ 28%]
tests/otbm/test_otbm_importer.py::test_round_trip_with_items PASSED      [ 28%]
tests/otbm/test_otbm_importer.py::test_round_trip_large PASSED           [ 28%]
tests/otbm/test_otbm_large_map.py::TestByteValidatorAPI::test_validate_byte_in_range PASSED [ 28%]
tests/otbm/test_otbm_large_map.py::TestByteValidatorAPI::test_validate_byte_above_max_raises PASSED [ 28%]
tests/otbm/test_otbm_large_map.py::TestByteValidatorAPI::test_validate_byte_negative_raises PASSED [ 28%]
tests/otbm/test_otbm_large_map.py::TestByteValidatorAPI::test_validate_byte_none_returns_zero PASSED [ 28%]
tests/otbm/test_otbm_large_map.py::TestByteValidatorAPI::test_validate_byte_non_numeric_raises PASSED [ 28%]
tests/otbm/test_otbm_large_map.py::TestByteValidatorAPI::test_validate_word_in_range PASSED [ 28%]
tests/otbm/test_otbm_large_map.py::TestByteValidatorAPI::test_validate_word_out_of_range PASSED [ 28%]
tests/otbm/test_otbm_large_map.py::TestByteValidatorAPI::test_validate_dword_in_range PASSED [ 29%]
tests/otbm/test_otbm_large_map.py::TestByteValidatorAPI::test_validate_dword_out_of_range PASSED [ 29%]
tests/otbm/test_otbm_large_map.py::TestByteValidatorAPI::test_byte_validator_strict_raises PASSED [ 29%]
tests/otbm/test_otbm_large_map.py::TestByteValidatorAPI::test_byte_validator_coerce_clamp PASSED [ 29%]
tests/otbm/test_otbm_large_map.py::TestByteValidatorAPI::test_byte_validator_coerce_none_safe PASSED [ 29%]
tests/otbm/test_otbm_large_map.py::TestByteValidatorAPI::test_byte_validator_records_warnings PASSED [ 29%]
tests/otbm/test_otbm_large_map.py::TestByteValidatorAPI::test_byte_validator_validates_tile_dict PASSED [ 29%]
tests/otbm/test_otbm_large_map.py::TestByteValidatorAPI::test_byte_validator_categorised_methods PASSED [ 29%]
tests/otbm/test_otbm_large_map.py::TestLargeMapExport::test_export_100x100_grid PASSED [ 29%]
tests/otbm/test_otbm_large_map.py::TestLargeMapExport::test_export_50x50_grid_multiple_z PASSED [ 29%]
tests/otbm/test_otbm_large_map.py::TestLargeMapExport::test_export_with_cities PASSED [ 29%]
tests/otbm/test_otbm_large_map.py::TestLargeMapExport::test_export_with_waypoints PASSED [ 29%]
tests/otbm/test_otbm_large_map.py::TestLargeMapExport::test_export_with_spawns PASSED [ 29%]
tests/otbm/test_otbm_large_map.py::TestLargeMapExport::test_export_with_extreme_ground_ids PASSED [ 29%]
tests/otbm/test_otbm_large_map.py::TestLargeMapExport::test_export_with_extreme_z PASSED [ 29%]
tests/otbm/test_otbm_large_map.py::TestLargeMapExport::test_export_world_with_tiles_at_far_coordinates PASSED [ 29%]
tests/otbm/test_otbm_large_map.py::TestLargeMapExport::test_export_empty_world PASSED [ 29%]
tests/otbm/test_otbm_large_map.py::TestLargeMapExport::test_export_world_with_tiles_items PASSED [ 30%]
tests/otbm/test_otbm_large_map.py::TestLargeMapExport::test_export_thousand_tile_map_runs_quickly PASSED [ 30%]
tests/otbm/test_otbm_large_map.py::TestLargeMapExport::test_export_200x200_large PASSED [ 30%]
tests/otbm/test_otbm_large_map.py::TestLargeMapRoundtrip::test_roundtrip_small_world PASSED [ 30%]
tests/otbm/test_otbm_large_map.py::TestLargeMapRoundtrip::test_roundtrip_extreme_values PASSED [ 30%]
tests/otbm/test_otbm_large_map.py::TestLargeMapRoundtrip::test_roundtrip_through_validator PASSED [ 30%]
tests/otbm/test_otbm_large_world.py::TestLargeWorldExport::test_export_100x100_grid PASSED [ 30%]
tests/otbm/test_otbm_large_world.py::TestLargeWorldExport::test_export_50x50_grid_multiple_z PASSED [ 30%]
tests/otbm/test_otbm_large_world.py::TestLargeWorldExport::test_export_with_cities PASSED [ 30%]
tests/otbm/test_otbm_large_world.py::TestLargeWorldExport::test_export_with_waypoints PASSED [ 30%]
tests/otbm/test_otbm_large_world.py::TestLargeWorldExport::test_export_with_spawns PASSED [ 30%]
tests/otbm/test_otbm_large_world.py::TestLargeWorldExport::test_export_with_extreme_ground_ids PASSED [ 30%]
tests/otbm/test_otbm_large_world.py::TestLargeWorldExport::test_export_with_extreme_z PASSED [ 30%]
tests/otbm/test_otbm_large_world.py::TestLargeWorldExport::test_export_world_with_tiles_at_far_coordinates PASSED [ 30%]
tests/otbm/test_otbm_large_world.py::TestLargeWorldExport::test_export_empty_world PASSED [ 30%]
tests/otbm/test_otbm_large_world.py::TestLargeWorldExport::test_export_world_with_tiles_items PASSED [ 30%]
tests/otbm/test_otbm_large_world.py::TestLargeWorldExport::test_export_thousand_tile_map_runs_quickly PASSED [ 30%]
tests/otbm/test_otbm_large_world.py::TestLargeWorldRoundtrip::test_roundtrip_small_world PASSED [ 30%]
tests/otbm/test_otbm_large_world.py::TestLargeWorldRoundtrip::test_roundtrip_extreme_values PASSED [ 31%]
tests/otbm/test_otbm_roundtrip.py::test_small_map PASSED                 [ 31%]
tests/otbm/test_otbm_roundtrip.py::test_city_map PASSED                  [ 31%]
tests/otbm/test_otbm_roundtrip.py::test_hunt_map PASSED                  [ 31%]
tests/otbm/test_otbm_roundtrip.py::test_boss_room PASSED                 [ 31%]
tests/otbm/test_otbm_roundtrip.py::test_worldmodel_to_otbm PASSED        [ 31%]
tests/otbm/test_otbm_roundtrip.py::test_node_encoder PASSED              [ 31%]
tests/otbm/test_otbm_roundtrip.py::test_otbr_compatibility PASSED        [ 31%]
tests/test_ai_architect.py::test_ai_architect_creation PASSED            [ 31%]
tests/test_ai_architect.py::test_ai_architect_plan_returns_worldplan PASSED [ 31%]
tests/test_ai_architect.py::test_ai_architect_plan_full_example PASSED   [ 31%]
tests/test_ai_architect.py::test_ai_architect_call_alias PASSED          [ 31%]
tests/test_ai_architect.py::test_ai_architect_analyze PASSED             [ 31%]
tests/test_ai_architect.py::test_ai_architect_explain PASSED             [ 31%]
tests/test_ai_architect.py::test_ai_architect_summary PASSED             [ 31%]
tests/test_ai_architect.py::test_ai_architect_to_dict PASSED             [ 31%]
tests/test_ai_architect.py::test_ai_architect_list_themes PASSED         [ 31%]
tests/test_ai_architect.py::test_ai_architect_resolve_theme PASSED       [ 32%]
tests/test_ai_architect.py::test_prompt_english_city_hunt_boss PASSED    [ 32%]
tests/test_ai_architect.py::test_prompt_spanish_ciudad_hunts_jefe PASSED [ 32%]
tests/test_ai_architect.py::test_prompt_hybrid_themes PASSED             [ 32%]
tests/test_ai_architect.py::test_prompt_dungeon_focus PASSED             [ 32%]
tests/test_ai_architect.py::test_prompt_default_hunt PASSED              [ 32%]
tests/test_ai_architect.py::test_worldplan_to_dict_complete PASSED       [ 32%]
tests/test_ai_architect.py::test_worldplan_summary_string PASSED         [ 32%]
tests/test_ai_architect.py::test_attach_asset_registry PASSED            [ 32%]
tests/test_ai_architect.py::test_attach_blueprint_registry PASSED        [ 32%]
tests/test_ai_architect.py::test_attach_world_generator PASSED           [ 32%]
tests/test_ai_architect.py::test_plan_with_world_generator_executes PASSED [ 32%]
tests/test_ai_architect.py::test_themes_in_plan_have_correct_assets PASSED [ 32%]
tests/test_ai_architect.py::test_module_level_plan_helper PASSED         [ 32%]
tests/test_ai_architect.py::test_repr_does_not_crash PASSED              [ 32%]
tests/test_asset_registry.py::test_registry_loaded PASSED                [ 32%]
tests/test_asset_registry.py::test_item_exists PASSED                    [ 32%]
tests/test_asset_registry.py::test_item_not_exists PASSED                [ 32%]
tests/test_asset_registry.py::test_get_item PASSED                       [ 33%]
tests/test_asset_registry.py::test_monster_exists PASSED                 [ 33%]
tests/test_asset_registry.py::test_monster_not_exists PASSED             [ 33%]
tests/test_asset_registry.py::test_get_monster PASSED                    [ 33%]
tests/test_asset_registry.py::test_get_all_monsters PASSED               [ 33%]
tests/test_asset_registry.py::test_grounds PASSED                        [ 33%]
tests/test_asset_registry.py::test_walls PASSED                          [ 33%]
tests/test_asset_registry.py::test_decorations PASSED                    [ 33%]
tests/test_asset_registry.py::test_is_ground PASSED                      [ 33%]
tests/test_asset_registry.py::test_is_wall PASSED                        [ 33%]
tests/test_asset_registry.py::test_is_decoration PASSED                  [ 33%]
tests/test_asset_registry.py::test_summary PASSED                        [ 33%]
tests/test_asset_validator.py::test_valid_ground_id PASSED               [ 33%]
tests/test_asset_validator.py::test_valid_addItem PASSED                 [ 33%]
tests/test_asset_validator.py::test_invalid_item_id PASSED               [ 33%]
tests/test_asset_validator.py::test_invalid_ground_id PASSED             [ 33%]
tests/test_autonomous_designer.py::TestAutonomousDesigner::test_ai_architect_integration PASSED [ 33%]
tests/test_autonomous_designer.py::TestAutonomousDesigner::test_blueprint_registry_integration PASSED [ 34%]
tests/test_autonomous_designer.py::TestAutonomousDesigner::test_content_balancer_used PASSED [ 34%]
tests/test_autonomous_designer.py::TestAutonomousDesigner::test_custom_size_in_prompt PASSED [ 34%]
tests/test_autonomous_designer.py::TestAutonomousDesigner::test_decision_engine_used PASSED [ 34%]
tests/test_autonomous_designer.py::TestAutonomousDesigner::test_deterministic_output PASSED [ 34%]
tests/test_autonomous_designer.py::TestAutonomousDesigner::test_different_prompts_different_worlds PASSED [ 34%]
tests/test_autonomous_designer.py::TestAutonomousDesigner::test_dungeon_theme PASSED [ 34%]
tests/test_autonomous_designer.py::TestAutonomousDesigner::test_evolution_engine_integration PASSED [ 34%]
tests/test_autonomous_designer.py::TestAutonomousDesigner::test_generate_example_from_task_spec PASSED [ 34%]
tests/test_autonomous_designer.py::TestAutonomousDesigner::test_generate_full_exposes_intermediates PASSED [ 34%]
tests/test_autonomous_designer.py::TestAutonomousDesigner::test_generate_multiple_worlds PASSED [ 34%]
tests/test_autonomous_designer.py::TestAutonomousDesigner::test_generate_returns_world_model PASSED [ 34%]
tests/test_autonomous_designer.py::TestAutonomousDesigner::test_generate_small_world PASSED [ 34%]
tests/test_autonomous_designer.py::TestAutonomousDesigner::test_ice_theme PASSED [ 34%]
tests/test_autonomous_designer.py::TestAutonomousDesigner::test_integrations_handle_exceptions PASSED [ 34%]
tests/test_autonomous_designer.py::TestAutonomousDesigner::test_jungle_theme PASSED [ 34%]
tests/test_autonomous_designer.py::TestAutonomousDesigner::test_navigation_designer_used PASSED [ 34%]
tests/test_autonomous_designer.py::TestAutonomousDesigner::test_no_integrations_still_works PASSED [ 34%]
tests/test_autonomous_designer.py::TestAutonomousDesigner::test_world_connections_reference_real_zones PASSED [ 35%]
tests/test_autonomous_designer.py::TestAutonomousDesigner::test_world_generator_integration PASSED [ 35%]
tests/test_autonomous_designer.py::TestAutonomousDesigner::test_world_json_roundtrip PASSED [ 35%]
tests/test_autonomous_designer.py::TestAutonomousDesigner::test_world_level_coverage PASSED [ 35%]
tests/test_autonomous_designer.py::TestAutonomousDesigner::test_world_serialisation_roundtrip PASSED [ 35%]
tests/test_autonomous_designer.py::TestAutonomousDesigner::test_world_summary PASSED [ 35%]
tests/test_autonomous_designer.py::TestAutonomousDesigner::test_world_validate_clean PASSED [ 35%]
tests/test_autonomous_designer.py::TestAutonomousDesigner::test_world_zones_are_well_formed PASSED [ 35%]
tests/test_autonomous_designer.py::TestAutonomousDesigner::test_zone_expander_used PASSED [ 35%]
tests/test_balance_engine.py::TestBalanceEngineInit::test_create_default PASSED [ 35%]
tests/test_balance_engine.py::TestBalanceEngineInit::test_create_custom_level PASSED [ 35%]
tests/test_balance_engine.py::TestBalanceEngineInit::test_has_all_balancers PASSED [ 35%]
tests/test_balance_engine.py::TestBalanceEngineRun::test_balance_simple_world PASSED [ 35%]
tests/test_balance_engine.py::TestBalanceEngineRun::test_balance_returns_same_world PASSED [ 35%]
tests/test_balance_engine.py::TestBalanceEngineRun::test_balance_multi_region PASSED [ 35%]
tests/test_balance_engine.py::TestBalanceEngineRun::test_balance_empty_world PASSED [ 35%]
tests/test_balance_engine.py::TestBalanceEngineRun::test_balance_report_has_totals PASSED [ 35%]
tests/test_balance_engine.py::TestBalanceEngineRun::test_balance_overcrowded_world PASSED [ 36%]
tests/test_balance_engine.py::TestBalanceEngineReport::test_zone_report_to_dict PASSED [ 36%]
tests/test_balance_engine.py::TestBalanceEngineReport::test_zone_balance_report_to_dict PASSED [ 36%]
tests/test_balance_engine.py::TestBalanceEngineReport::test_zone_report_analyses_populated PASSED [ 36%]
tests/test_balance_engine.py::TestBalanceEngineAnalyze::test_analyze_does_not_modify PASSED [ 36%]
tests/test_balance_engine.py::TestBalanceEngineAnalyze::test_analyze_multi_region PASSED [ 36%]
tests/test_balance_engine.py::TestBalanceEngineIntegration::test_playtest_failed_world_pattern PASSED [ 36%]
tests/test_balance_engine.py::TestBalanceEngineIntegration::test_dangerous_world_gets_corrected PASSED [ 36%]
tests/test_balance_engine.py::TestBalanceEngineIntegration::test_balance_preserves_world_structure PASSED [ 36%]
tests/test_balance_engine.py::TestBalanceEngineIntegration::test_balance_deterministic PASSED [ 36%]
tests/test_balance_engine.py::TestBalanceEngineIntegration::test_balance_with_custom_player_level PASSED [ 36%]
tests/test_biome_generator.py::test_biome_palette_known_theme PASSED     [ 36%]
tests/test_biome_generator.py::test_biome_palette_unknown_theme_falls_back_to_generic PASSED [ 36%]
tests/test_biome_generator.py::test_biome_palette_accepts_theme_assets PASSED [ 36%]
tests/test_biome_generator.py::test_pick_primary_tag_from_theme_metadata PASSED [ 36%]
tests/test_biome_generator.py::test_pick_ground_for_tag_rotates PASSED   [ 36%]
tests/test_biome_generator.py::test_biome_generator_basic_count PASSED   [ 36%]
tests/test_biome_generator.py::test_biome_generator_deterministic_with_seed PASSED [ 36%]
tests/test_biome_generator.py::test_biome_generator_different_seeds_differ PASSED [ 37%]
tests/test_biome_generator.py::test_biome_generator_does_not_overwrite_by_default PASSED [ 37%]
tests/test_biome_generator.py::test_biome_generator_overwrite_when_asked PASSED [ 37%]
tests/test_biome_generator.py::test_biome_generator_uses_primary_tag PASSED [ 37%]
tests/test_biome_generator.py::test_biome_generator_water_chance PASSED  [ 37%]
tests/test_biome_generator.py::test_biome_generator_normalizes_bounds PASSED [ 37%]
tests/test_biome_generator.py::test_biome_generator_sets_zone_tag PASSED [ 37%]
tests/test_biome_generator.py::test_module_level_generate_biome PASSED   [ 37%]
tests/test_biome_generator.py::test_module_level_generate_continental_biome PASSED [ 37%]
tests/test_biome_generator.py::test_module_level_generate_zone_biome PASSED [ 37%]
tests/test_biome_generator.py::test_biome_palettes_dict_has_all_themes PASSED [ 37%]
tests/test_biome_generator.py::test_biome_tag_by_theme_covers_known_biomes PASSED [ 37%]
tests/test_biome_generator.py::test_biome_tile_dataclass_serializes PASSED [ 37%]
tests/test_biome_generator.py::test_legacy_biome_generator_lua_returns_string PASSED [ 37%]
tests/test_biome_generator.py::test_biome_generator_threshold_alignment PASSED [ 37%]
tests/test_blueprint_extractor_hito13.py::TestThemeClassifier::test_classify_empty_returns_generic PASSED [ 37%]
tests/test_blueprint_extractor_hito13.py::TestThemeClassifier::test_classify_hunt_spawns PASSED [ 37%]
tests/test_blueprint_extractor_hito13.py::TestThemeClassifier::test_classify_secondary_themes PASSED [ 38%]
tests/test_blueprint_extractor_hito13.py::TestThemeClassifier::test_classify_urban_tiles PASSED [ 38%]
tests/test_blueprint_extractor_hito13.py::TestThemeClassifier::test_classify_with_houses_urban PASSED [ 38%]
tests/test_blueprint_extractor_hito13.py::TestThemeClassifier::test_classify_with_metadata PASSED [ 38%]
tests/test_blueprint_extractor_hito13.py::TestThemeClassifier::test_ground_signatures_coverage PASSED [ 38%]
tests/test_blueprint_extractor_hito13.py::TestThemeClassifier::test_hunt_monster_indicators PASSED [ 38%]
tests/test_blueprint_extractor_hito13.py::TestThemeClassifier::test_item_signatures_coverage PASSED [ 38%]
tests/test_blueprint_extractor_hito13.py::TestThemeClassifier::test_quick_classify PASSED [ 38%]
tests/test_blueprint_extractor_hito13.py::TestPatternDetector::test_cluster_positions PASSED [ 38%]
tests/test_blueprint_extractor_hito13.py::TestPatternDetector::test_corridor_detection PASSED [ 38%]
tests/test_blueprint_extractor_hito13.py::TestPatternDetector::test_detect_aggregate_dominant_floor PASSED [ 38%]
tests/test_blueprint_extractor_hito13.py::TestPatternDetector::test_detect_aggregate_wall_pattern PASSED [ 38%]
tests/test_blueprint_extractor_hito13.py::TestPatternDetector::test_detect_empty_tiles_returns_empty PASSED [ 38%]
tests/test_blueprint_extractor_hito13.py::TestPatternDetector::test_detect_entrances_with_doors PASSED [ 38%]
tests/test_blueprint_extractor_hito13.py::TestPatternDetector::test_detect_floor_patterns PASSED [ 38%]
tests/test_blueprint_extractor_hito13.py::TestPatternDetector::test_detect_rooms_with_walls PASSED [ 38%]
tests/test_blueprint_extractor_hito13.py::TestPatternDetector::test_detect_spawn_clusters PASSED [ 38%]
tests/test_blueprint_extractor_hito13.py::TestPatternDetector::test_find_repeating_patterns PASSED [ 38%]
tests/test_blueprint_extractor_hito13.py::TestPatternDetector::test_pattern_to_dict PASSED [ 39%]
tests/test_blueprint_extractor_hito13.py::TestStructureDetector::test_building_grouping PASSED [ 39%]
tests/test_blueprint_extractor_hito13.py::TestStructureDetector::test_detect_aggregate PASSED [ 39%]
tests/test_blueprint_extractor_hito13.py::TestStructureDetector::test_detect_hierarchy PASSED [ 39%]
tests/test_blueprint_extractor_hito13.py::TestStructureDetector::test_detect_layout PASSED [ 39%]
tests/test_blueprint_extractor_hito13.py::TestStructureDetector::test_detect_rooms PASSED [ 39%]
tests/test_blueprint_extractor_hito13.py::TestStructureDetector::test_detect_zones_hunting PASSED [ 39%]
tests/test_blueprint_extractor_hito13.py::TestStructureDetector::test_detect_zones_urban PASSED [ 39%]
tests/test_blueprint_extractor_hito13.py::TestStructureDetector::test_detected_structure_to_dict PASSED [ 39%]
tests/test_blueprint_extractor_hito13.py::TestStructureDetector::test_poi_detection_temple PASSED [ 39%]
tests/test_blueprint_extractor_hito13.py::TestBlueprintExtractor::test_batch_extraction PASSED [ 39%]
tests/test_blueprint_extractor_hito13.py::TestBlueprintExtractor::test_blueprint_descriptive_mode PASSED [ 39%]
tests/test_blueprint_extractor_hito13.py::TestBlueprintExtractor::test_blueprint_has_metadata PASSED [ 39%]
tests/test_blueprint_extractor_hito13.py::TestBlueprintExtractor::test_blueprint_has_tiles PASSED [ 39%]
tests/test_blueprint_extractor_hito13.py::TestBlueprintExtractor::test_blueprint_to_dict_serializable PASSED [ 39%]
tests/test_blueprint_extractor_hito13.py::TestBlueprintExtractor::test_category_determination_hunting PASSED [ 39%]
tests/test_blueprint_extractor_hito13.py::TestBlueprintExtractor::test_category_determination_temple PASSED [ 39%]
tests/test_blueprint_extractor_hito13.py::TestBlueprintExtractor::test_empty_world_dict_handled PASSED [ 40%]
tests/test_blueprint_extractor_hito13.py::TestBlueprintExtractor::test_entry_point_determined PASSED [ 40%]
tests/test_blueprint_extractor_hito13.py::TestBlueprintExtractor::test_extract_from_world_dict PASSED [ 40%]
tests/test_blueprint_extractor_hito13.py::TestBlueprintExtractor::test_extraction_patterns PASSED [ 40%]
tests/test_blueprint_extractor_hito13.py::TestBlueprintExtractor::test_extraction_result_stats PASSED [ 40%]
tests/test_blueprint_extractor_hito13.py::TestBlueprintExtractor::test_extraction_result_to_dict PASSED [ 40%]
tests/test_blueprint_extractor_hito13.py::TestBlueprintExtractor::test_extraction_structures PASSED [ 40%]
tests/test_blueprint_extractor_hito13.py::TestBlueprintExtractor::test_extraction_theme_classification PASSED [ 40%]
tests/test_blueprint_extractor_hito13.py::TestBlueprintExtractor::test_list_blueprints PASSED [ 40%]
tests/test_blueprint_extractor_hito13.py::TestBlueprintExtractor::test_load_blueprint PASSED [ 40%]
tests/test_blueprint_extractor_hito13.py::TestBlueprintExtractor::test_save_blueprint_to_file PASSED [ 40%]
tests/test_blueprint_extractor_hito13.py::TestEndToEndPipeline::test_full_pipeline_world_dict_to_blueprint_file PASSED [ 40%]
tests/test_blueprint_extractor_hito13.py::TestEndToEndPipeline::test_pipeline_preserves_tile_data PASSED [ 40%]
tests/test_blueprint_extractor_hito13.py::TestEndToEndPipeline::test_pipeline_with_spawns_and_houses PASSED [ 40%]
tests/test_blueprint_learner.py::TestPatternMiner::test_boss_room_pattern_hints PASSED [ 40%]
tests/test_blueprint_learner.py::TestPatternMiner::test_bridge_pattern_hints PASSED [ 40%]
tests/test_blueprint_learner.py::TestPatternMiner::test_camp_pattern_hints PASSED [ 40%]
tests/test_blueprint_learner.py::TestPatternMiner::test_depot_pattern_hints PASSED [ 40%]
tests/test_blueprint_learner.py::TestPatternMiner::test_detect_structure_types PASSED [ 41%]
tests/test_blueprint_learner.py::TestPatternMiner::test_get_pattern_guide PASSED [ 41%]
tests/test_blueprint_learner.py::TestPatternMiner::test_house_pattern_hints PASSED [ 41%]
tests/test_blueprint_learner.py::TestPatternMiner::test_learn_from_blueprints PASSED [ 41%]
tests/test_blueprint_learner.py::TestPatternMiner::test_list_patterns PASSED [ 41%]
tests/test_blueprint_learner.py::TestPatternMiner::test_market_pattern_hints PASSED [ 41%]
tests/test_blueprint_learner.py::TestPatternMiner::test_mine_from_analysis PASSED [ 41%]
tests/test_blueprint_learner.py::TestPatternMiner::test_pattern_generation_hints PASSED [ 41%]
tests/test_blueprint_learner.py::TestPatternMiner::test_save_load_patterns PASSED [ 41%]
tests/test_blueprint_learner.py::TestBlueprintRanker::test_custom_weights PASSED [ 41%]
tests/test_blueprint_learner.py::TestBlueprintRanker::test_percentile_assigned PASSED [ 41%]
tests/test_blueprint_learner.py::TestBlueprintRanker::test_rank_multiple_blueprints PASSED [ 41%]
tests/test_blueprint_learner.py::TestBlueprintRanker::test_rank_single_blueprint PASSED [ 41%]
tests/test_blueprint_learner.py::TestBlueprintRanker::test_ranking_summary PASSED [ 41%]
tests/test_blueprint_learner.py::TestBlueprintRanker::test_recommendations_generated PASSED [ 41%]
tests/test_blueprint_learner.py::TestBlueprintRanker::test_save_rankings PASSED [ 41%]
tests/test_blueprint_learner.py::TestBlueprintRanker::test_score_breakdown_present PASSED [ 41%]
tests/test_blueprint_learner.py::TestBlueprintCatalog::test_add_blueprint PASSED [ 42%]
tests/test_blueprint_learner.py::TestBlueprintCatalog::test_backup_restore PASSED [ 42%]
tests/test_blueprint_learner.py::TestBlueprintCatalog::test_by_category PASSED [ 42%]
tests/test_blueprint_learner.py::TestBlueprintCatalog::test_by_difficulty PASSED [ 42%]
tests/test_blueprint_learner.py::TestBlueprintCatalog::test_by_size_range PASSED [ 42%]
tests/test_blueprint_learner.py::TestBlueprintCatalog::test_by_tag PASSED [ 42%]
tests/test_blueprint_learner.py::TestBlueprintCatalog::test_by_theme PASSED [ 42%]
tests/test_blueprint_learner.py::TestBlueprintCatalog::test_export_catalog_index PASSED [ 42%]
tests/test_blueprint_learner.py::TestBlueprintCatalog::test_get_blueprint PASSED [ 42%]
tests/test_blueprint_learner.py::TestBlueprintCatalog::test_most_used PASSED [ 42%]
tests/test_blueprint_learner.py::TestBlueprintCatalog::test_quality_score PASSED [ 42%]
tests/test_blueprint_learner.py::TestBlueprintCatalog::test_remove_blueprint PASSED [ 42%]
tests/test_blueprint_learner.py::TestBlueprintCatalog::test_search PASSED [ 42%]
tests/test_blueprint_learner.py::TestBlueprintCatalog::test_statistics PASSED [ 42%]
tests/test_blueprint_learner.py::TestBlueprintCatalog::test_theme_statistics PASSED [ 42%]
tests/test_blueprint_learner.py::TestBlueprintCatalog::test_usage_counter PASSED [ 42%]
tests/test_blueprint_learner.py::TestBlueprintLearner::test_blueprint_to_vector PASSED [ 42%]
tests/test_blueprint_learner.py::TestBlueprintLearner::test_catalog_stats PASSED [ 42%]
tests/test_blueprint_learner.py::TestBlueprintLearner::test_initialization PASSED [ 43%]
tests/test_blueprint_learner.py::TestBlueprintLearner::test_learn_from_analysis PASSED [ 43%]
tests/test_blueprint_learner.py::TestBlueprintLearner::test_list_available_structures PASSED [ 43%]
tests/test_blueprint_learner.py::TestBlueprintLearner::test_pattern_guide PASSED [ 43%]
tests/test_blueprint_loader.py::TestBlueprintLoader::test_load_file_valid PASSED [ 43%]
tests/test_blueprint_loader.py::TestBlueprintLoader::test_load_file_nonexistent PASSED [ 43%]
tests/test_blueprint_loader.py::TestBlueprintLoader::test_load_directory_all PASSED [ 43%]
tests/test_blueprint_loader.py::TestBlueprintLoader::test_load_directory_non_recursive PASSED [ 43%]
tests/test_blueprint_loader.py::TestBlueprintLoader::test_load_directory_nonexistent PASSED [ 43%]
tests/test_blueprint_loader.py::TestBlueprintLoader::test_load_from_dict PASSED [ 43%]
tests/test_blueprint_loader.py::TestBlueprintLoader::test_get_and_list PASSED [ 43%]
tests/test_blueprint_loader.py::TestBlueprintLoader::test_get_path PASSED [ 43%]
tests/test_blueprint_loader.py::TestBlueprintLoader::test_get_path_not_found PASSED [ 43%]
tests/test_blueprint_loader.py::TestBlueprintLoader::test_reload PASSED  [ 43%]
tests/test_blueprint_loader.py::TestBlueprintLoader::test_reload_unknown PASSED [ 43%]
tests/test_blueprint_loader.py::TestBlueprintLoader::test_reload_all PASSED [ 43%]
tests/test_blueprint_loader.py::TestBlueprintLoader::test_clear PASSED   [ 43%]
tests/test_blueprint_loader.py::TestBlueprintLoader::test_invalid_json_file PASSED [ 44%]
tests/test_blueprint_placer.py::TestBlueprintPlacer::test_place_tile_based PASSED [ 44%]
tests/test_blueprint_placer.py::TestBlueprintPlacer::test_place_tile_based_with_offset PASSED [ 44%]
tests/test_blueprint_placer.py::TestBlueprintPlacer::test_place_tile_based_items PASSED [ 44%]
tests/test_blueprint_placer.py::TestBlueprintPlacer::test_collision_detection PASSED [ 44%]
tests/test_blueprint_placer.py::TestBlueprintPlacer::test_place_descriptive PASSED [ 44%]
tests/test_blueprint_placer.py::TestBlueprintPlacer::test_place_descriptive_grounds PASSED [ 44%]
tests/test_blueprint_placer.py::TestBlueprintPlacer::test_place_descriptive_features PASSED [ 44%]
tests/test_blueprint_placer.py::TestBlueprintPlacer::test_place_batch PASSED [ 44%]
tests/test_blueprint_placer.py::TestBlueprintPlacer::test_place_creates_new_world PASSED [ 44%]
tests/test_blueprint_placer.py::TestBlueprintPlacer::test_create_world_model PASSED [ 44%]
tests/test_blueprint_placer.py::TestBlueprintPlacer::test_get_place_count PASSED [ 44%]
tests/test_blueprint_registry.py::TestBlueprintRegistry::test_get_existing PASSED [ 44%]
tests/test_blueprint_registry.py::TestBlueprintRegistry::test_get_missing PASSED [ 44%]
tests/test_blueprint_registry.py::TestBlueprintRegistry::test_list PASSED [ 44%]
tests/test_blueprint_registry.py::TestBlueprintRegistry::test_by_theme_issavi PASSED [ 44%]
tests/test_blueprint_registry.py::TestBlueprintRegistry::test_by_theme_roshamuul PASSED [ 44%]
tests/test_blueprint_registry.py::TestBlueprintRegistry::test_by_theme_generic PASSED [ 44%]
tests/test_blueprint_registry.py::TestBlueprintRegistry::test_by_category_temple PASSED [ 45%]
tests/test_blueprint_registry.py::TestBlueprintRegistry::test_by_category_bridge PASSED [ 45%]
tests/test_blueprint_registry.py::TestBlueprintRegistry::test_search_by_keyword PASSED [ 45%]
tests/test_blueprint_registry.py::TestBlueprintRegistry::test_names PASSED [ 45%]
tests/test_blueprint_registry.py::TestBlueprintRegistry::test_count PASSED [ 45%]
tests/test_blueprint_registry.py::TestBlueprintRegistry::test_summary PASSED [ 45%]
tests/test_blueprint_registry.py::TestBlueprintRegistry::test_register PASSED [ 45%]
tests/test_blueprint_registry.py::TestBlueprintRegistry::test_clear PASSED [ 45%]
tests/test_blueprint_validator.py::TestBlueprintValidator::test_valid_tile_based_blueprint PASSED [ 45%]
tests/test_blueprint_validator.py::TestBlueprintValidator::test_empty_name_fails PASSED [ 45%]
tests/test_blueprint_validator.py::TestBlueprintValidator::test_negative_size_fails PASSED [ 45%]
tests/test_blueprint_validator.py::TestBlueprintValidator::test_zero_size_fails PASSED [ 45%]
tests/test_blueprint_validator.py::TestBlueprintValidator::test_tile_outside_bounds_fails PASSED [ 45%]
tests/test_blueprint_validator.py::TestBlueprintValidator::test_negative_tile_coordinates_fails PASSED [ 45%]
tests/test_blueprint_validator.py::TestBlueprintValidator::test_duplicate_tile_warning PASSED [ 45%]
tests/test_blueprint_validator.py::TestBlueprintValidator::test_entry_outside_bounds_fails PASSED [ 45%]
tests/test_blueprint_validator.py::TestBlueprintValidator::test_entry_negative_fails PASSED [ 45%]
tests/test_blueprint_validator.py::TestBlueprintValidator::test_valid_entry PASSED [ 46%]
tests/test_blueprint_validator.py::TestBlueprintValidator::test_no_theme_warning PASSED [ 46%]
tests/test_blueprint_validator.py::TestBlueprintValidator::test_feature_outside_bounds_warning PASSED [ 46%]
tests/test_blueprint_validator.py::TestBlueprintValidator::test_validation_result_boolean PASSED [ 46%]
tests/test_blueprint_validator.py::TestBlueprintValidator::test_validation_result_summary PASSED [ 46%]
tests/test_blueprint_validator.py::TestBlueprintValidator::test_validate_batch PASSED [ 46%]
tests/test_blueprint_validator.py::TestBlueprintValidator::test_descriptive_blueprint_passes PASSED [ 46%]
tests/test_boss_expander.py::TestBossExpanderInit::test_create PASSED    [ 46%]
tests/test_boss_expander.py::TestBossExpanderInit::test_room_sizes PASSED [ 46%]
tests/test_boss_expander.py::TestBossExpanderRun::test_creates_boss_room PASSED [ 46%]
tests/test_boss_expander.py::TestBossExpanderRun::test_adds_structure PASSED [ 46%]
tests/test_boss_expander.py::TestBossExpanderRun::test_adds_region PASSED [ 46%]
tests/test_boss_expander.py::TestBossExpanderRun::test_boss_spawn_exists PASSED [ 46%]
tests/test_boss_expander.py::TestBossExpanderRun::test_respects_max_rooms PASSED [ 46%]
tests/test_boss_expander.py::TestBossExpanderRun::test_different_difficulties PASSED [ 46%]
tests/test_boss_expander.py::TestBossExpanderRun::test_no_regions_no_expansion PASSED [ 46%]
tests/test_boss_expander.py::TestBossExpanderRun::test_get_room_size PASSED [ 46%]
tests/test_boss_expander.py::TestBossExpansionResult::test_to_dict PASSED [ 46%]
tests/test_boss_generator.py::TestBossGenerator::test_generate_returns_quest_package PASSED [ 47%]
tests/test_boss_generator.py::TestBossGenerator::test_generate_level_range PASSED [ 47%]
tests/test_boss_generator.py::TestBossGenerator::test_boss_has_boss_lair_room_type PASSED [ 47%]
tests/test_boss_generator.py::TestBossGenerator::test_boss_has_boss_name PASSED [ 47%]
tests/test_boss_generator.py::TestBossGenerator::test_boss_has_abilities_in_metadata PASSED [ 47%]
tests/test_boss_generator.py::TestBossGenerator::test_boss_has_hp_estimate PASSED [ 47%]
tests/test_boss_generator.py::TestBossGenerator::test_boss_has_damage_estimate PASSED [ 47%]
tests/test_boss_generator.py::TestBossGenerator::test_boss_hp_scales_with_level PASSED [ 47%]
tests/test_boss_generator.py::TestBossGenerator::test_boss_damage_scales_with_level PASSED [ 47%]
tests/test_boss_generator.py::TestBossGenerator::test_no_todo_placeholders PASSED [ 47%]
tests/test_boss_generator.py::TestBossGenerator::test_has_rewards PASSED [ 47%]
tests/test_boss_generator.py::TestBossGenerator::test_boss_gold_multiplier PASSED [ 47%]
tests/test_boss_generator.py::TestBossGenerator::test_has_location PASSED [ 47%]
tests/test_boss_generator.py::TestBossGenerator::test_has_enemy_count PASSED [ 47%]
tests/test_boss_generator.py::TestBossGenerator::test_boss_type_in_metadata PASSED [ 47%]
tests/test_boss_generator.py::TestBossGenerator::test_default_boss_type PASSED [ 47%]
tests/test_boss_generator.py::TestBossGenerator::test_objectives_include_boss_name PASSED [ 47%]
tests/test_boss_generator.py::TestBossGenerator::test_objectives_include_lair PASSED [ 48%]
tests/test_boss_generator.py::TestBossGenerator::test_package_is_valid PASSED [ 48%]
tests/test_boss_generator.py::TestBossGenerator::test_low_level_valid PASSED [ 48%]
tests/test_boss_generator.py::TestBossGenerator::test_high_level_valid PASSED [ 48%]
tests/test_boss_generator.py::TestBossGenerator::test_deterministic_output PASSED [ 48%]
tests/test_boss_generator.py::TestBossGenerator::test_to_dict_roundtrip PASSED [ 48%]
tests/test_campaign_generator.py::TestCampaignGeneratorInit::test_create PASSED [ 48%]
tests/test_campaign_generator.py::TestCampaignGeneratorInit::test_has_all_subgenerators PASSED [ 48%]
tests/test_campaign_generator.py::TestCampaignGeneratorRun::test_generate_default PASSED [ 48%]
tests/test_campaign_generator.py::TestCampaignGeneratorRun::test_generate_issavi PASSED [ 48%]
tests/test_campaign_generator.py::TestCampaignGeneratorRun::test_generate_has_name PASSED [ 48%]
tests/test_campaign_generator.py::TestCampaignGeneratorRun::test_generate_has_factions PASSED [ 48%]
tests/test_campaign_generator.py::TestCampaignGeneratorRun::test_generate_has_npcs PASSED [ 48%]
tests/test_campaign_generator.py::TestCampaignGeneratorRun::test_generate_has_economy PASSED [ 48%]
tests/test_campaign_generator.py::TestCampaignGeneratorRun::test_generate_has_dialogs PASSED [ 48%]
tests/test_campaign_generator.py::TestCampaignGeneratorRun::test_generate_has_bosses PASSED [ 48%]
tests/test_campaign_generator.py::TestCampaignGeneratorRun::test_generate_has_raids PASSED [ 48%]
tests/test_campaign_generator.py::TestCampaignGeneratorRun::test_generate_has_side_quests PASSED [ 48%]
tests/test_campaign_generator.py::TestCampaignSerialization::test_to_dict PASSED [ 49%]
tests/test_campaign_generator.py::TestCampaignSerialization::test_to_json PASSED [ 49%]
tests/test_campaign_generator.py::TestCampaignSerialization::test_save_and_load PASSED [ 49%]
tests/test_campaign_generator.py::TestCampaignDataIntegrity::test_lore_has_required_fields PASSED [ 49%]
tests/test_campaign_generator.py::TestCampaignDataIntegrity::test_factions_have_relationships PASSED [ 49%]
tests/test_campaign_generator.py::TestCampaignDataIntegrity::test_npcs_have_dialogue PASSED [ 49%]
tests/test_campaign_generator.py::TestCampaignDataIntegrity::test_bosses_have_level PASSED [ 49%]
tests/test_chunk.py::TestChunk::test_chunk_creation PASSED               [ 49%]
tests/test_chunk.py::TestChunk::test_world_offset PASSED                 [ 49%]
tests/test_chunk.py::TestChunk::test_bounds_world PASSED                 [ 49%]
tests/test_chunk.py::TestChunk::test_world_to_chunk PASSED               [ 49%]
tests/test_chunk.py::TestChunk::test_world_to_local PASSED               [ 49%]
tests/test_chunk.py::TestChunk::test_to_local PASSED                     [ 49%]
tests/test_chunk.py::TestChunk::test_set_and_get_tile PASSED             [ 49%]
tests/test_chunk.py::TestChunk::test_get_tile_nonexistent PASSED         [ 49%]
tests/test_chunk.py::TestChunk::test_has_tile PASSED                     [ 49%]
tests/test_chunk.py::TestChunk::test_clear PASSED                        [ 49%]
tests/test_chunk.py::TestChunk::test_serialization_round_trip PASSED     [ 50%]
tests/test_chunk.py::TestChunk::test_chunk_repr PASSED                   [ 50%]
tests/test_chunk.py::TestChunk::test_large_chunk_capacity PASSED         [ 50%]
tests/test_city_generator.py::test_city_generator_basic PASSED           [ 50%]
tests/test_city_generator.py::test_city_generator_structure PASSED       [ 50%]
tests/test_city_generator.py::test_city_generator_buildings PASSED       [ 50%]
tests/test_city_generator.py::test_city_generator_different_themes PASSED [ 50%]
tests/test_city_generator.py::test_city_generator_custom_size PASSED     [ 50%]
tests/test_city_generator.py::test_city_generator_validation PASSED      [ 50%]
tests/test_combat_simulator.py::TestVocationStats::test_create_knight PASSED [ 50%]
tests/test_combat_simulator.py::TestVocationStats::test_create_druid PASSED [ 50%]
tests/test_combat_simulator.py::TestVocationStats::test_create_sorcerer PASSED [ 50%]
tests/test_combat_simulator.py::TestVocationStats::test_create_paladin PASSED [ 50%]
tests/test_combat_simulator.py::TestVocationStats::test_create_monk PASSED [ 50%]
tests/test_combat_simulator.py::TestVocationStats::test_scaling_level_150 PASSED [ 50%]
tests/test_combat_simulator.py::TestVocationStats::test_scaling_level_600 PASSED [ 50%]
tests/test_combat_simulator.py::TestCombatEncounter::test_knight_vs_rat PASSED [ 50%]
tests/test_combat_simulator.py::TestCombatEncounter::test_knight_vs_dragon PASSED [ 50%]
tests/test_combat_simulator.py::TestCombatEncounter::test_druid_heals PASSED [ 51%]
tests/test_combat_simulator.py::TestCombatEncounter::test_sorcerer_spell_attack PASSED [ 51%]
tests/test_combat_simulator.py::TestCombatEncounter::test_deterministic_with_seed PASSED [ 51%]
tests/test_combat_simulator.py::TestCombatEncounter::test_efficiency_ratio PASSED [ 51%]
tests/test_combat_simulator.py::TestCombatEncounter::test_dps_positive PASSED [ 51%]
tests/test_combat_simulator.py::TestHuntRotation::test_single_monster_hunt PASSED [ 51%]
tests/test_combat_simulator.py::TestHuntRotation::test_multi_vocation PASSED [ 51%]
tests/test_combat_simulator.py::TestHuntRotation::test_all_vocations_produce_results PASSED [ 51%]
tests/test_combat_simulator.py::TestMonsterCreation::test_create_monster PASSED [ 51%]
tests/test_combat_simulator.py::TestMonsterCreation::test_create_boss PASSED [ 51%]
tests/test_content_balancer.py::TestContentBalancerBasic::test_balance_empty_world PASSED [ 51%]
tests/test_content_balancer.py::TestContentBalancerBasic::test_balance_records_density PASSED [ 51%]
tests/test_content_balancer.py::TestContentBalancerBasic::test_balance_simple_world PASSED [ 51%]
tests/test_content_balancer.py::TestContentBalancerBasic::test_default_curve PASSED [ 51%]
tests/test_content_balancer.py::TestContentBalancerLevelCurve::test_curve_covers_full_range PASSED [ 51%]
tests/test_content_balancer.py::TestContentBalancerLevelCurve::test_curve_damage_grows PASSED [ 51%]
tests/test_content_balancer.py::TestContentBalancerLevelCurve::test_curve_exponential PASSED [ 51%]
tests/test_content_balancer.py::TestContentBalancerLevelCurve::test_curve_hp_grows PASSED [ 52%]
tests/test_content_balancer.py::TestContentBalancerLevelCurve::test_curve_stepped PASSED [ 52%]
tests/test_content_balancer.py::TestContentBalancerLevelCurve::test_curve_xp_grows PASSED [ 52%]
tests/test_content_balancer.py::TestContentBalancerGapDetection::test_empty_zone_warning PASSED [ 52%]
tests/test_content_balancer.py::TestContentBalancerGapDetection::test_gap_detected PASSED [ 52%]
tests/test_content_balancer.py::TestContentBalancerGapDetection::test_no_gaps_when_covered PASSED [ 52%]
tests/test_content_balancer.py::TestContentBalancerGapDetection::test_wide_zone_warning PASSED [ 52%]
tests/test_content_balancer.py::TestContentBalancerDifficultyScoring::test_deadly_zone_high_score PASSED [ 52%]
tests/test_content_balancer.py::TestContentBalancerDifficultyScoring::test_safe_zone_low_score PASSED [ 52%]
tests/test_content_balancer.py::TestContentBalancerDifficultyScoring::test_score_increases_with_bosses PASSED [ 52%]
tests/test_content_balancer.py::TestContentBalancerDifficultyScoring::test_stddev_calculated PASSED [ 52%]
tests/test_content_balancer.py::TestContentBalancerSuggestions::test_suggestion_for_low_bosses PASSED [ 52%]
tests/test_content_balancer.py::TestContentBalancerSuggestions::test_suggestion_for_missing_connections PASSED [ 52%]
tests/test_content_balancer.py::TestContentBalancerSuggestions::test_suggestion_for_rebalance_when_gaps PASSED [ 52%]
tests/test_content_balancer.py::TestContentBalancerSuggestions::test_suggestions_present PASSED [ 52%]
tests/test_content_balancer.py::TestContentBalancerRebalance::test_rebalance_no_op_when_no_gaps PASSED [ 52%]
tests/test_content_balancer.py::TestContentBalancerRebalance::test_rebalance_plugs_gap PASSED [ 52%]
tests/test_content_balancer.py::TestContentBalancerRebalance::test_rebalance_returns_new_world PASSED [ 52%]
tests/test_content_balancer.py::TestContentBalancerRebalance::test_rebalance_with_explicit_report PASSED [ 53%]
tests/test_content_balancer.py::TestContentBalancerRebalance::test_rebalance_world_serializable PASSED [ 53%]
tests/test_content_balancer.py::TestContentBalancerIntegration::test_balance_report_serializable PASSED [ 53%]
tests/test_content_balancer.py::TestContentBalancerIntegration::test_balancer_in_full_pipeline PASSED [ 53%]
tests/test_content_balancer.py::TestContentBalancerIntegration::test_full_pipeline_covers_levels PASSED [ 53%]
tests/test_content_balancer.py::TestContentBalanceSerialization::test_default_content_balance PASSED [ 53%]
tests/test_content_balancer.py::TestContentBalanceSerialization::test_to_from_dict PASSED [ 53%]
tests/test_content_balancer.py::TestLevelCurvePointSerialization::test_to_from_dict PASSED [ 53%]
tests/test_continent_generator.py::test_continent_generator_creation PASSED [ 53%]
tests/test_continent_generator.py::test_continent_generator_creation_with_seed PASSED [ 53%]
tests/test_continent_generator.py::test_generate_continent_accepts_worldplan PASSED [ 53%]
tests/test_continent_generator.py::test_generate_continent_world_has_tiles PASSED [ 53%]
tests/test_continent_generator.py::test_generate_continent_world_has_structures PASSED [ 53%]
tests/test_continent_generator.py::test_generate_continent_world_has_regions PASSED [ 53%]
tests/test_continent_generator.py::test_generate_continent_world_has_spawns PASSED [ 53%]
tests/test_continent_generator.py::test_generate_continent_world_has_roads PASSED [ 53%]
tests/test_continent_generator.py::test_generate_continent_deterministic_with_seed PASSED [ 53%]
tests/test_continent_generator.py::test_generate_continent_different_seeds_differ PASSED [ 54%]
tests/test_continent_generator.py::test_generate_continent_supports_full_example PASSED [ 54%]
tests/test_continent_generator.py::test_generate_continent_uses_plan_layout PASSED [ 54%]
tests/test_continent_generator.py::test_generate_continent_integration_with_ai_architect PASSED [ 54%]
tests/test_continent_generator.py::test_generate_continent_works_without_layout PASSED [ 54%]
tests/test_continent_generator.py::test_generate_continent_supports_dict_plan PASSED [ 54%]
tests/test_continent_generator.py::test_generate_from_prompt_end_to_end PASSED [ 54%]
tests/test_continent_generator.py::test_continent_result_dataclass PASSED [ 54%]
tests/test_continent_generator.py::test_continent_result_includes_roads_and_rivers PASSED [ 54%]
tests/test_continent_generator.py::test_world_validator_passes_on_continent PASSED [ 54%]
tests/test_continent_generator.py::test_continent_generator_seed_persistence PASSED [ 54%]
tests/test_continent_generator.py::test_continent_generator_dependencies_injection PASSED [ 54%]
tests/test_continent_generator.py::test_continent_generator_themes_resolved PASSED [ 54%]
tests/test_continent_generator.py::test_continent_handles_empty_plan PASSED [ 54%]
tests/test_decision_engine.py::TestDecisionEnginePromptParsing::test_default_goal PASSED [ 54%]
tests/test_decision_engine.py::TestDecisionEnginePromptParsing::test_default_size_heuristic PASSED [ 54%]
tests/test_decision_engine.py::TestDecisionEnginePromptParsing::test_difficulty_curve_default_linear PASSED [ 54%]
tests/test_decision_engine.py::TestDecisionEnginePromptParsing::test_difficulty_curve_exponential PASSED [ 54%]
tests/test_decision_engine.py::TestDecisionEnginePromptParsing::test_difficulty_curve_stepped PASSED [ 55%]
tests/test_decision_engine.py::TestDecisionEnginePromptParsing::test_level_range_dash PASSED [ 55%]
tests/test_decision_engine.py::TestDecisionEnginePromptParsing::test_level_range_en_dash PASSED [ 55%]
tests/test_decision_engine.py::TestDecisionEnginePromptParsing::test_level_range_to PASSED [ 55%]
tests/test_decision_engine.py::TestDecisionEnginePromptParsing::test_size_in_prompt PASSED [ 55%]
tests/test_decision_engine.py::TestDecisionEnginePromptParsing::test_size_with_x_mark PASSED [ 55%]
tests/test_decision_engine.py::TestDecisionEnginePromptParsing::test_style_city PASSED [ 55%]
tests/test_decision_engine.py::TestDecisionEnginePromptParsing::test_style_desert PASSED [ 55%]
tests/test_decision_engine.py::TestDecisionEnginePromptParsing::test_style_dungeon PASSED [ 55%]
tests/test_decision_engine.py::TestDecisionEnginePromptParsing::test_style_fantasy PASSED [ 55%]
tests/test_decision_engine.py::TestDecisionEnginePromptParsing::test_style_ice PASSED [ 55%]
tests/test_decision_engine.py::TestDecisionEnginePromptParsing::test_style_jungle PASSED [ 55%]
tests/test_decision_engine.py::TestDecisionEnginePromptParsing::test_style_mmorpg_default PASSED [ 55%]
tests/test_decision_engine.py::TestDecisionEnginePromptParsing::test_style_volcanic PASSED [ 55%]
tests/test_decision_engine.py::TestDecisionEnginePromptParsing::test_unknown_style_falls_back_to_mixed PASSED [ 55%]
tests/test_decision_engine.py::TestDecisionEngineZoneCount::test_huge_range PASSED [ 55%]
tests/test_decision_engine.py::TestDecisionEngineZoneCount::test_large_range PASSED [ 55%]
tests/test_decision_engine.py::TestDecisionEngineZoneCount::test_medium_range PASSED [ 56%]
tests/test_decision_engine.py::TestDecisionEngineZoneCount::test_small_range PASSED [ 56%]
tests/test_decision_engine.py::TestDecisionEngineThemeSequence::test_themes_are_known PASSED [ 56%]
tests/test_decision_engine.py::TestDecisionEngineThemeSequence::test_themes_have_progression PASSED [ 56%]
tests/test_decision_engine.py::TestDecisionEngineThemeSequence::test_world_layout_selected PASSED [ 56%]
tests/test_decision_engine.py::TestDecisionEngineThemeSequence::test_zone_targets_cover_full_range PASSED [ 56%]
tests/test_decision_engine.py::TestDecisionEngineThemeSequence::test_zone_targets_no_overlap_gaps PASSED [ 56%]
tests/test_decision_engine.py::TestDecisionEngineCounts::test_boss_count_scales_with_level PASSED [ 56%]
tests/test_decision_engine.py::TestDecisionEngineCounts::test_counts_at_least_zone_count PASSED [ 56%]
tests/test_decision_engine.py::TestDecisionEngineCounts::test_hunt_count_scales_with_level PASSED [ 56%]
tests/test_decision_engine.py::TestDecisionEngineCounts::test_quest_count_scales_with_level PASSED [ 56%]
tests/test_decision_engine.py::TestDecisionEngineRegistryBias::test_empty_registry_uses_defaults PASSED [ 56%]
tests/test_decision_engine.py::TestDecisionEngineRegistryBias::test_no_registry_uses_defaults PASSED [ 56%]
tests/test_decision_engine.py::TestDecisionEngineRegistryBias::test_registry_bias_keeps_known_themes PASSED [ 56%]
tests/test_decision_engine.py::TestDecisionEngineHelpers::test_difficulty_for_level PASSED [ 56%]
tests/test_decision_engine.py::TestDecisionEngineHelpers::test_layout_for_zone_count PASSED [ 56%]
tests/test_decision_engine.py::TestDecisionEngineHelpers::test_world_name_fallback PASSED [ 56%]
tests/test_decision_engine.py::TestDecisionEngineHelpers::test_world_name_from_prompt PASSED [ 56%]
tests/test_decision_engine.py::TestDesignDecisionSerialization::test_to_dict PASSED [ 57%]
tests/test_dungeon_generator.py::test_dungeon_generator_basic PASSED     [ 57%]
tests/test_dungeon_generator.py::test_dungeon_generator_structures PASSED [ 57%]
tests/test_dungeon_generator.py::test_dungeon_generator_boss_spawn PASSED [ 57%]
tests/test_dungeon_generator.py::test_dungeon_generator_different_themes PASSED [ 57%]
tests/test_dungeon_generator.py::test_dungeon_generator_rooms PASSED     [ 57%]
tests/test_dungeon_generator.py::test_dungeon_generator_validation PASSED [ 57%]
tests/test_examples.py::test_all_examples PASSED                         [ 57%]
tests/test_expansion_ai.py::TestExpansionAIInit::test_create PASSED      [ 57%]
tests/test_expansion_ai.py::TestExpansionAIInit::test_has_all_expanders PASSED [ 57%]
tests/test_expansion_ai.py::TestExpansionAIRun::test_expand_small_world PASSED [ 57%]
tests/test_expansion_ai.py::TestExpansionAIRun::test_expand_returns_same_world PASSED [ 57%]
tests/test_expansion_ai.py::TestExpansionAIRun::test_expand_empty_world PASSED [ 57%]
tests/test_expansion_ai.py::TestExpansionAIRun::test_expand_adds_regions PASSED [ 57%]
tests/test_expansion_ai.py::TestExpansionAIRun::test_expand_adds_structures PASSED [ 57%]
tests/test_expansion_ai.py::TestExpansionAIRun::test_expand_adds_spawns PASSED [ 57%]
tests/test_expansion_ai.py::TestExpansionAIRun::test_expand_custom_params PASSED [ 57%]
tests/test_expansion_ai.py::TestExpansionAIReport::test_report_to_dict PASSED [ 58%]
tests/test_expansion_ai.py::TestExpansionAIReport::test_report_tiles_added PASSED [ 58%]
tests/test_expansion_ai.py::TestExpansionAIReport::test_report_has_steps PASSED [ 58%]
tests/test_expansion_ai.py::TestExpansionAIAnalyze::test_analyze_small_world PASSED [ 58%]
tests/test_expansion_ai.py::TestExpansionAIAnalyze::test_analyze_empty_world PASSED [ 58%]
tests/test_expansion_ai.py::TestExpansionAIAnalyze::test_analyze_returns_recommendations PASSED [ 58%]
tests/test_expansion_ai.py::TestExpansionResult::test_to_dict PASSED     [ 58%]
tests/test_hunt_expander.py::TestHuntExpanderInit::test_create PASSED    [ 58%]
tests/test_hunt_expander.py::TestHuntExpanderInit::test_default_constants PASSED [ 58%]
tests/test_hunt_expander.py::TestHuntExpanderRun::test_expands_world PASSED [ 58%]
tests/test_hunt_expander.py::TestHuntExpanderRun::test_adds_spawns PASSED [ 58%]
tests/test_hunt_expander.py::TestHuntExpanderRun::test_adds_regions PASSED [ 58%]
tests/test_hunt_expander.py::TestHuntExpanderRun::test_adds_structures PASSED [ 58%]
tests/test_hunt_expander.py::TestHuntExpanderRun::test_respects_max_hunts PASSED [ 58%]
tests/test_hunt_expander.py::TestHuntExpanderRun::test_expands_with_different_themes PASSED [ 58%]
tests/test_hunt_expander.py::TestHuntExpanderRun::test_empty_world_no_expansion PASSED [ 58%]
tests/test_hunt_expander.py::TestHuntExpanderAnalysis::test_classify_area_small PASSED [ 58%]
tests/test_hunt_expander.py::TestHuntExpanderAnalysis::test_classify_area_medium PASSED [ 58%]
tests/test_hunt_expander.py::TestHuntExpanderAnalysis::test_classify_area_large PASSED [ 59%]
tests/test_hunt_expander.py::TestHuntExpanderAnalysis::test_classify_area_huge PASSED [ 59%]
tests/test_hunt_expander.py::TestHuntExpansionResult::test_to_dict PASSED [ 59%]
tests/test_hunt_generator.py::test_hunt_generator_basic PASSED           [ 59%]
tests/test_hunt_generator.py::test_hunt_generator_theme_resolution PASSED [ 59%]
tests/test_hunt_generator.py::test_hunt_generator_spawns PASSED          [ 59%]
tests/test_hunt_generator.py::test_hunt_generator_dimensions PASSED      [ 59%]
tests/test_hunt_generator.py::test_hunt_generator_default_world PASSED   [ 59%]
tests/test_hunt_generator.py::test_hunt_generator_validation PASSED      [ 59%]
tests/test_hunt_generator.py::test_hunt_generator_roshamuul PASSED       [ 59%]
tests/test_infrastructure.py::test_version PASSED                        [ 59%]
tests/test_infrastructure.py::test_cache PASSED                          [ 59%]
tests/test_infrastructure.py::test_benchmark PASSED                      [ 59%]
tests/test_infrastructure.py::test_asset_registry PASSED                 [ 59%]
tests/test_infrastructure.py::test_blueprint_registry PASSED             [ 59%]
tests/test_infrastructure.py::test_logger PASSED                         [ 59%]
tests/test_item_indexer.py::test_index_known_items PASSED                [ 59%]
tests/test_item_indexer.py::test_get_item PASSED                         [ 60%]
tests/test_item_indexer.py::test_get_item_not_found PASSED               [ 60%]
tests/test_item_indexer.py::test_get_item_by_name PASSED                 [ 60%]
tests/test_item_indexer.py::test_get_item_by_name_case_insensitive PASSED [ 60%]
tests/test_item_indexer.py::test_all_items PASSED                        [ 60%]
tests/test_item_indexer.py::test_to_dict_from_dict PASSED                [ 60%]
tests/test_item_indexer.py::test_classify_ground PASSED                  [ 60%]
tests/test_item_indexer.py::test_classify_wall PASSED                    [ 60%]
tests/test_item_indexer.py::test_classify_decoration PASSED              [ 60%]
tests/test_item_indexer.py::test_classify_unknown PASSED                 [ 60%]
tests/test_loot_balancer.py::TestLootBalancerInit::test_create PASSED    [ 60%]
tests/test_loot_balancer.py::TestLootBalancerInit::test_has_analyzer PASSED [ 60%]
tests/test_loot_balancer.py::TestLootBalancerInit::test_default_loot_tables PASSED [ 60%]
tests/test_loot_balancer.py::TestLootBalancerBalance::test_no_spawns_returns_empty PASSED [ 60%]
tests/test_loot_balancer.py::TestLootBalancerBalance::test_balances_low_profit_zone PASSED [ 60%]
tests/test_loot_balancer.py::TestLootBalancerBalance::test_balances_high_profit_zone PASSED [ 60%]
tests/test_loot_balancer.py::TestLootBalancerBalance::test_balanced_zone_minimal_change PASSED [ 60%]
tests/test_loot_balancer.py::TestLootBalancerAnalysis::test_analyze_zone PASSED [ 60%]
tests/test_loot_balancer.py::TestLootBalancerAnalysis::test_analyze_empty_zone PASSED [ 61%]
tests/test_loot_balancer.py::TestLootBalancerDifficulty::test_guess_difficulty_easy PASSED [ 61%]
tests/test_loot_balancer.py::TestLootBalancerDifficulty::test_guess_difficulty_medium PASSED [ 61%]
tests/test_loot_balancer.py::TestLootBalancerDifficulty::test_guess_difficulty_hard PASSED [ 61%]
tests/test_loot_balancer.py::TestLootBalancerDifficulty::test_guess_difficulty_very_hard PASSED [ 61%]
tests/test_loot_balancer.py::TestLootBalancerDifficulty::test_guess_difficulty_unknown PASSED [ 61%]
tests/test_loot_balancer.py::TestLootBalancerHelpers::test_find_more_profitable_monsters PASSED [ 61%]
tests/test_loot_balancer.py::TestLootAdjustment::test_to_dict PASSED     [ 61%]
tests/test_loot_balancer.py::TestLootBalanceResult::test_to_dict PASSED  [ 61%]
tests/test_lore_generator.py::TestLoreGeneratorInit::test_create PASSED  [ 61%]
tests/test_lore_generator.py::TestLoreGeneratorRun::test_generate_default PASSED [ 61%]
tests/test_lore_generator.py::TestLoreGeneratorRun::test_generate_issavi PASSED [ 61%]
tests/test_lore_generator.py::TestLoreGeneratorRun::test_generate_darashia PASSED [ 61%]
tests/test_lore_generator.py::TestLoreGeneratorRun::test_generate_with_factions PASSED [ 61%]
tests/test_lore_generator.py::TestLoreGeneratorRun::test_generate_count PASSED [ 61%]
tests/test_lore_generator.py::TestLoreGeneratorRun::test_generate_more_than_templates PASSED [ 61%]
tests/test_lore_generator.py::TestLoreGeneratorSpecial::test_generate_prophecy PASSED [ 61%]
tests/test_lore_generator.py::TestLoreGeneratorSpecial::test_generate_prophecy_no_factions PASSED [ 62%]
tests/test_lore_generator.py::TestLoreGeneratorSpecial::test_generate_secret PASSED [ 62%]
tests/test_lore_generator.py::TestLoreGeneratorSpecial::test_generate_secret_no_npc PASSED [ 62%]
tests/test_lore_generator.py::TestLoreEntryData::test_to_dict PASSED     [ 62%]
tests/test_lore_generator.py::TestLoreEntryData::test_entries_have_importance PASSED [ 62%]
tests/test_lore_generator.py::TestLoreEntryData::test_entries_have_categories PASSED [ 62%]
tests/test_lua_exporter.py::test_lua_exporter_basic PASSED               [ 62%]
tests/test_lua_exporter.py::test_lua_exporter_has_ground PASSED          [ 62%]
tests/test_lua_exporter.py::test_lua_exporter_has_spawns PASSED          [ 62%]
tests/test_lua_exporter.py::test_lua_exporter_validator PASSED           [ 62%]
tests/test_lua_exporter.py::test_lua_validator_empty PASSED              [ 62%]
tests/test_lua_exporter.py::test_lua_validator_forbidden_apis PASSED     [ 62%]
tests/test_lua_exporter.py::test_lua_validator_balanced PASSED           [ 62%]
tests/test_lua_exporter.py::test_lua_writer_output PASSED                [ 62%]
tests/test_lua_exporter.py::test_lua_exporter_export_to_file PASSED      [ 62%]
tests/test_lua_exporter.py::test_full_pipeline PASSED                    [ 62%]
tests/test_map_analyzer_hito12.py::TestMapAnalyzer::test_analyze_otbm_direct PASSED [ 62%]
tests/test_map_analyzer_hito12.py::TestMapAnalyzer::test_analyze_otbm_importer_failure_fallsback PASSED [ 62%]
tests/test_map_analyzer_hito12.py::TestMapAnalyzer::test_analyze_otbm_with_importer_mock PASSED [ 63%]
tests/test_map_analyzer_hito12.py::TestMapAnalyzer::test_analyze_to_json PASSED [ 63%]
tests/test_map_analyzer_hito12.py::TestMapAnalyzer::test_analyze_to_json_with_output_path PASSED [ 63%]
tests/test_map_analyzer_hito12.py::TestMapAnalyzer::test_analyze_unsupported_format_raises PASSED [ 63%]
tests/test_map_analyzer_hito12.py::TestMapAnalyzer::test_cities_to_houses PASSED [ 63%]
tests/test_map_analyzer_hito12.py::TestMapAnalyzer::test_extract_binary_floors PASSED [ 63%]
tests/test_map_analyzer_hito12.py::TestMapAnalyzer::test_extract_binary_houses PASSED [ 63%]
tests/test_map_analyzer_hito12.py::TestMapAnalyzer::test_extract_binary_items PASSED [ 63%]
tests/test_map_analyzer_hito12.py::TestMapAnalyzer::test_extract_binary_tiles_enhanced PASSED [ 63%]
tests/test_map_analyzer_hito12.py::TestMapAnalyzer::test_extract_binary_waypoints PASSED [ 63%]
tests/test_map_analyzer_hito12.py::TestMapAnalyzer::test_extract_floors_xml PASSED [ 63%]
tests/test_map_analyzer_hito12.py::TestMapAnalyzer::test_extract_houses_xml PASSED [ 63%]
tests/test_map_analyzer_hito12.py::TestMapAnalyzer::test_extract_map_size PASSED [ 63%]
tests/test_map_analyzer_hito12.py::TestMapAnalyzer::test_extract_waypoints_xml PASSED [ 63%]
tests/test_map_analyzer_hito12.py::TestMapAnalyzer::test_extract_zones PASSED [ 63%]
tests/test_map_analyzer_hito12.py::TestMapAnalyzer::test_map_analysis_dataclass_initialization PASSED [ 63%]
tests/test_map_analyzer_hito12.py::TestMapAnalyzer::test_map_analysis_to_dict PASSED [ 63%]
tests/test_map_analyzer_hito12.py::TestMapAnalyzer::test_normalize_waypoints PASSED [ 64%]
tests/test_map_analyzer_hito12.py::TestMapAnalyzer::test_normalize_waypoints_empty PASSED [ 64%]
tests/test_map_analyzer_hito12.py::TestMapAnalyzer::test_read_file_bytes_not_found PASSED [ 64%]
tests/test_map_analyzer_hito12.py::TestMapAnalyzer::test_run_derived_analysis PASSED [ 64%]
tests/test_map_analyzer_hito12.py::TestSpawnAnalyzer::test_analyze_otbm_direct_empty PASSED [ 64%]
tests/test_map_analyzer_hito12.py::TestSpawnAnalyzer::test_analyze_otbm_direct_no_spawns PASSED [ 64%]
tests/test_map_analyzer_hito12.py::TestSpawnAnalyzer::test_analyze_otbm_spawns_empty PASSED [ 64%]
tests/test_map_analyzer_hito12.py::TestSpawnAnalyzer::test_analyze_otbm_spawns_with_data PASSED [ 64%]
tests/test_map_analyzer_hito12.py::TestSpawnAnalyzer::test_analyze_spawn_xml PASSED [ 64%]
tests/test_map_analyzer_hito12.py::TestSpawnAnalyzer::test_classify_zones_easy PASSED [ 64%]
tests/test_map_analyzer_hito12.py::TestSpawnAnalyzer::test_classify_zones_empty PASSED [ 64%]
tests/test_map_analyzer_hito12.py::TestSpawnAnalyzer::test_classify_zones_endgame PASSED [ 64%]
tests/test_map_analyzer_hito12.py::TestSpawnAnalyzer::test_classify_zones_hard PASSED [ 64%]
tests/test_map_analyzer_hito12.py::TestSpawnAnalyzer::test_classify_zones_medium PASSED [ 64%]
tests/test_map_analyzer_hito12.py::TestSpawnAnalyzer::test_parse_monsters_in_area_empty PASSED [ 64%]
tests/test_map_analyzer_hito12.py::TestSpawnAnalyzer::test_summarize_spawns_empty PASSED [ 64%]
tests/test_map_analyzer_hito12.py::TestSpawnAnalyzer::test_summarize_spawns_with_data PASSED [ 64%]
tests/test_map_analyzer_hito12.py::TestPathAnalyzer::test_analyze_empty_waypoints PASSED [ 64%]
tests/test_map_analyzer_hito12.py::TestPathAnalyzer::test_analyze_with_waypoints PASSED [ 65%]
tests/test_map_analyzer_hito12.py::TestPathAnalyzer::test_cluster_waypoints_empty PASSED [ 65%]
tests/test_map_analyzer_hito12.py::TestPathAnalyzer::test_cluster_waypoints_groups PASSED [ 65%]
tests/test_map_analyzer_hito12.py::TestPathAnalyzer::test_compute_waypoint_distances PASSED [ 65%]
tests/test_map_analyzer_hito12.py::TestPathAnalyzer::test_euclidean_distance PASSED [ 65%]
tests/test_map_analyzer_hito12.py::TestPathAnalyzer::test_find_closest_pair_empty PASSED [ 65%]
tests/test_map_analyzer_hito12.py::TestPathAnalyzer::test_find_furthest_pair_empty PASSED [ 65%]
tests/test_map_analyzer_hito12.py::TestPathAnalyzer::test_manhattan_distance PASSED [ 65%]
tests/test_map_analyzer_hito12.py::TestPathAnalyzer::test_nearest_waypoint_for_spawns PASSED [ 65%]
tests/test_map_analyzer_hito12.py::TestPathAnalyzer::test_nearest_waypoint_for_spawns_empty PASSED [ 65%]
tests/test_map_analyzer_hito12.py::TestPathAnalyzer::test_same_floor PASSED [ 65%]
tests/test_map_analyzer_hito12.py::TestPathAnalyzer::test_summarize_connectivity PASSED [ 65%]
tests/test_map_analyzer_hito12.py::TestDensityAnalyzer::test_analyze_empty PASSED [ 65%]
tests/test_map_analyzer_hito12.py::TestDensityAnalyzer::test_analyze_with_data PASSED [ 65%]
tests/test_map_analyzer_hito12.py::TestDensityAnalyzer::test_categorize_density PASSED [ 65%]
tests/test_map_analyzer_hito12.py::TestDensityAnalyzer::test_compute_floor_distribution PASSED [ 65%]
tests/test_map_analyzer_hito12.py::TestDensityAnalyzer::test_compute_floor_distribution_empty PASSED [ 65%]
tests/test_map_analyzer_hito12.py::TestDensityAnalyzer::test_compute_item_density PASSED [ 66%]
tests/test_map_analyzer_hito12.py::TestDensityAnalyzer::test_compute_item_density_empty PASSED [ 66%]
tests/test_map_analyzer_hito12.py::TestDensityAnalyzer::test_compute_overall_density PASSED [ 66%]
tests/test_map_analyzer_hito12.py::TestDensityAnalyzer::test_compute_spawn_density PASSED [ 66%]
tests/test_map_analyzer_hito12.py::TestDensityAnalyzer::test_compute_spawn_density_empty PASSED [ 66%]
tests/test_map_analyzer_hito12.py::TestDensityAnalyzer::test_compute_spawn_heatmap PASSED [ 66%]
tests/test_map_analyzer_hito12.py::TestDensityAnalyzer::test_compute_spawn_heatmap_empty PASSED [ 66%]
tests/test_map_analyzer_hito12.py::TestDensityAnalyzer::test_compute_tile_density PASSED [ 66%]
tests/test_map_analyzer_hito12.py::TestDensityAnalyzer::test_compute_tile_density_empty PASSED [ 66%]
tests/test_map_analyzer_hito12.py::TestArchitectureAnalyzer::test_analyze_doors PASSED [ 66%]
tests/test_map_analyzer_hito12.py::TestArchitectureAnalyzer::test_analyze_empty PASSED [ 66%]
tests/test_map_analyzer_hito12.py::TestArchitectureAnalyzer::test_analyze_walls PASSED [ 66%]
tests/test_map_analyzer_hito12.py::TestArchitectureAnalyzer::test_analyze_with_data PASSED [ 66%]
tests/test_map_analyzer_hito12.py::TestArchitectureAnalyzer::test_classify_building PASSED [ 66%]
tests/test_map_analyzer_hito12.py::TestArchitectureAnalyzer::test_classify_building_wilderness PASSED [ 66%]
tests/test_map_analyzer_hito12.py::TestArchitectureAnalyzer::test_classify_zones PASSED [ 66%]
tests/test_map_analyzer_hito12.py::TestArchitectureAnalyzer::test_complexity_metrics PASSED [ 66%]
tests/test_map_analyzer_hito12.py::TestArchitectureAnalyzer::test_detect_urban_zones PASSED [ 66%]
tests/test_map_analyzer_hito12.py::TestArchitectureAnalyzer::test_detect_urban_zones_city PASSED [ 67%]
tests/test_map_analyzer_hito12.py::TestArchitectureAnalyzer::test_detect_urban_zones_wilderness PASSED [ 67%]
tests/test_map_analyzer_hito12.py::TestArchitectureAnalyzer::test_infrastructure_score PASSED [ 67%]
tests/test_map_analyzer_hito12.py::TestArchitectureAnalyzer::test_structural_composition PASSED [ 67%]
tests/test_map_analyzer_hito12.py::TestArchitectureAnalyzer::test_structural_composition_empty PASSED [ 67%]
tests/test_map_analyzer_hito12.py::TestTileAnalyzer::test_analyze_xml_tiles PASSED [ 67%]
tests/test_map_analyzer_hito12.py::TestTileAnalyzer::test_summarize_binary_tiles PASSED [ 67%]
tests/test_map_analyzer_hito12.py::TestTileAnalyzer::test_summarize_ground_usage PASSED [ 67%]
tests/test_map_analyzer_hito12.py::TestStyleAnalyzer::test_detect_style_empty PASSED [ 67%]
tests/test_map_analyzer_hito12.py::TestStyleAnalyzer::test_detect_style_issavi PASSED [ 67%]
tests/test_map_analyzer_hito12.py::TestStyleAnalyzer::test_detect_style_roshamuul PASSED [ 67%]
tests/test_map_analyzer_hito12.py::TestStyleAnalyzer::test_detect_style_unknown_when_no_match PASSED [ 67%]
tests/test_map_analyzer_hito12.py::TestStyleAnalyzer::test_summarize_style PASSED [ 67%]
tests/test_map_analyzer_hito12.py::TestPatternExtractor::test_extract_pattern PASSED [ 67%]
tests/test_map_analyzer_hito12.py::TestPatternExtractor::test_save_pattern PASSED [ 67%]
tests/test_monster_indexer.py::test_index_fallback PASSED                [ 67%]
tests/test_monster_indexer.py::test_index_monsters_xml PASSED            [ 67%]
tests/test_monster_indexer.py::test_get_monster PASSED                   [ 68%]
tests/test_monster_indexer.py::test_get_monster_case_insensitive PASSED  [ 68%]
tests/test_monster_indexer.py::test_get_monster_not_found PASSED         [ 68%]
tests/test_monster_indexer.py::test_all_monster_names PASSED             [ 68%]
tests/test_monster_indexer.py::test_fallback_includes_shrieker PASSED    [ 68%]
tests/test_monster_indexer.py::test_to_dict_from_dict PASSED             [ 68%]
tests/test_monster_indexer.py::test_xml_plus_fallback PASSED             [ 68%]
tests/test_monster_validator.py::test_valid_monster PASSED               [ 68%]
tests/test_monster_validator.py::test_valid_monster_from_xml PASSED      [ 68%]
tests/test_monster_validator.py::test_unknown_monster PASSED             [ 68%]
tests/test_monster_validator.py::test_multiple_monsters_some_invalid PASSED [ 68%]
tests/test_monster_validator.py::test_no_creature_call PASSED            [ 68%]
tests/test_mvp_integration.py::test_sprint1_prompt_interpreter PASSED    [ 68%]
tests/test_mvp_integration.py::test_sprint1_theme_resolver PASSED        [ 68%]
tests/test_mvp_integration.py::test_sprint1_hunt_generator PASSED        [ 68%]
tests/test_mvp_integration.py::test_sprint1_spawn_generator PASSED       [ 68%]
tests/test_mvp_integration.py::test_sprint1_lua_generator PASSED         [ 68%]
tests/test_mvp_integration.py::test_sprint1_preview_generator PASSED     [ 68%]
tests/test_mvp_integration.py::test_sprint2_otbm_export PASSED           [ 69%]
tests/test_mvp_integration.py::test_sprint3_blueprint_system PASSED      [ 69%]
tests/test_mvp_integration.py::test_sprint4_architect_ai PASSED          [ 69%]
tests/test_mvp_integration.py::test_sprint5_quality_analysis PASSED      [ 69%]
tests/test_mvp_integration.py::test_sprint7_release_builder PASSED       [ 69%]
tests/test_mvp_integration.py::test_evolution_modules PASSED             [ 69%]
tests/test_mvp_integration.py::test_asset_intelligence PASSED            [ 69%]
tests/test_mvp_integration.py::test_world_brain PASSED                   [ 69%]
tests/test_mvp_integration.py::test_balance_modules PASSED               [ 69%]
tests/test_mvp_integration.py::test_release_package PASSED               [ 69%]
tests/test_mvp_integration.py::test_output_files_exist FAILED            [ 69%]
tests/test_mvp_integration.py::test_pipeline_cli PASSED                  [ 69%]
tests/test_npc_generator.py::TestNPCGeneratorInit::test_create PASSED    [ 69%]
tests/test_npc_generator.py::TestNPCGeneratorRun::test_generate_default PASSED [ 69%]
tests/test_npc_generator.py::TestNPCGeneratorRun::test_generate_count PASSED [ 69%]
tests/test_npc_generator.py::TestNPCGeneratorRun::test_generate_with_factions PASSED [ 69%]
tests/test_npc_generator.py::TestNPCGeneratorRun::test_generate_with_locations PASSED [ 69%]
tests/test_npc_generator.py::TestNPCGeneratorRun::test_roles_distributed PASSED [ 70%]
tests/test_npc_generator.py::TestNPCGeneratorRun::test_enemies_have_higher_levels PASSED [ 70%]
tests/test_npc_generator.py::TestNPCGeneratorBoss::test_generate_boss PASSED [ 70%]
tests/test_npc_generator.py::TestNPCData::test_npc_to_dict PASSED        [ 70%]
tests/test_npc_generator.py::TestNPCData::test_npc_has_dialogue PASSED   [ 70%]
tests/test_otbm_exporter.py::test_mandatory_export PASSED                [ 70%]
tests/test_otbm_exporter.py::test_export_generated_world PASSED          [ 70%]
tests/test_otbm_exporter.py::test_export_with_spawns_and_items PASSED    [ 70%]
tests/test_otbm_exporter.py::test_export_bytes PASSED                    [ 70%]
tests/test_otbm_exporter.py::test_export_empty_world PASSED              [ 70%]
tests/test_otbm_exporter.py::test_validate PASSED                        [ 70%]
tests/test_otbm_exporter.py::test_generate_xmls PASSED                   [ 70%]
tests/test_otbm_exporter.py::test_export_report_structure PASSED         [ 70%]
tests/test_pathfinder.py::TestPathResult::test_path_result_creation PASSED [ 70%]
tests/test_pathfinder.py::TestPathResult::test_path_result_unreachable PASSED [ 70%]
tests/test_pathfinder.py::TestPathfinderBasic::test_same_position PASSED [ 70%]
tests/test_pathfinder.py::TestPathfinderBasic::test_adjacent_tiles PASSED [ 70%]
tests/test_pathfinder.py::TestPathfinderBasic::test_straight_line_distance PASSED [ 70%]
tests/test_pathfinder.py::TestPathfinderBasic::test_diagonal_path PASSED [ 71%]
tests/test_pathfinder.py::TestPathfinderBasic::test_no_diagonal_path PASSED [ 71%]
tests/test_pathfinder.py::TestPathfinderObstacles::test_unreachable_tile PASSED [ 71%]
tests/test_pathfinder.py::TestPathfinderObstacles::test_blocked_start PASSED [ 71%]
tests/test_pathfinder.py::TestPathfinderObstacles::test_maze_wall_avoidance PASSED [ 71%]
tests/test_pathfinder.py::TestPathfinderMultiFloor::test_floor_transition PASSED [ 71%]
tests/test_pathfinder.py::TestPathfinderMultiFloor::test_no_stairs_mode PASSED [ 71%]
tests/test_pathfinder.py::TestPathfinderSpawns::test_spawn_penalty PASSED [ 71%]
tests/test_pathfinder.py::TestPathfinderBFS::test_reachable_tiles PASSED [ 71%]
tests/test_pathfinder.py::TestPathfinderBFS::test_reachable_limited_steps PASSED [ 71%]
tests/test_pathfinder.py::TestPathfinderBFS::test_coverage_ratio PASSED  [ 71%]
tests/test_pathfinder.py::TestPathfinderBFS::test_distance_map PASSED    [ 71%]
tests/test_pathfinder.py::TestPathfinderBFS::test_nearest_spawn PASSED   [ 71%]
tests/test_pathfinder.py::TestPathfinderBFS::test_nearest_spawn_none PASSED [ 71%]
tests/test_pathfinder.py::TestPathfinderCache::test_clear_cache PASSED   [ 71%]
tests/test_pattern_miner.py::TestPatternMinerInitialization::test_custom_min_samples PASSED [ 71%]
tests/test_pattern_miner.py::TestPatternMinerInitialization::test_default_min_samples PASSED [ 71%]
tests/test_pattern_miner.py::TestPatternMinerInitialization::test_structure_keywords_complete PASSED [ 72%]
tests/test_pattern_miner.py::TestPatternMinerFromAnalysis::test_detect_market PASSED [ 72%]
tests/test_pattern_miner.py::TestPatternMinerFromAnalysis::test_detect_temple PASSED [ 72%]
tests/test_pattern_miner.py::TestPatternMinerFromAnalysis::test_mine_needs_min_samples PASSED [ 72%]
tests/test_pattern_miner.py::TestPatternMinerFromAnalysis::test_mine_returns_patterns_list PASSED [ 72%]
tests/test_pattern_miner.py::TestPatternMinerFromAnalysis::test_mine_with_enough_samples PASSED [ 72%]
tests/test_pattern_miner.py::TestPatternMinerFromBlueprints::test_confidence_grows_with_samples PASSED [ 72%]
tests/test_pattern_miner.py::TestPatternMinerFromBlueprints::test_learn_temple_pattern PASSED [ 72%]
tests/test_pattern_miner.py::TestPatternMinerFromBlueprints::test_multiple_categories PASSED [ 72%]
tests/test_pattern_miner.py::TestPatternMinerFromBlueprints::test_pattern_metadata_complete PASSED [ 72%]
tests/test_pattern_miner.py::TestPatternMinerFromBlueprints::test_required_items_have_item_ids PASSED [ 72%]
tests/test_pattern_miner.py::TestPatternMinerTypeHints::test_boss_room_hints PASSED [ 72%]
tests/test_pattern_miner.py::TestPatternMinerTypeHints::test_bridge_hints PASSED [ 72%]
tests/test_pattern_miner.py::TestPatternMinerTypeHints::test_camp_hints PASSED [ 72%]
tests/test_pattern_miner.py::TestPatternMinerTypeHints::test_depot_hints PASSED [ 72%]
tests/test_pattern_miner.py::TestPatternMinerTypeHints::test_house_hints PASSED [ 72%]
tests/test_pattern_miner.py::TestPatternMinerTypeHints::test_market_hints PASSED [ 72%]
tests/test_pattern_miner.py::TestPatternMinerTypeHints::test_temple_hints PASSED [ 72%]
tests/test_pattern_miner.py::TestPatternMinerQueryAPI::test_generate_pattern_guide_all PASSED [ 73%]
tests/test_pattern_miner.py::TestPatternMinerQueryAPI::test_generate_pattern_guide_specific PASSED [ 73%]
tests/test_pattern_miner.py::TestPatternMinerQueryAPI::test_get_pattern PASSED [ 73%]
tests/test_pattern_miner.py::TestPatternMinerQueryAPI::test_get_pattern_missing PASSED [ 73%]
tests/test_pattern_miner.py::TestPatternMinerQueryAPI::test_get_pattern_statistics PASSED [ 73%]
tests/test_pattern_miner.py::TestPatternMinerQueryAPI::test_list_patterns PASSED [ 73%]
tests/test_pattern_miner.py::TestPatternMinerPersistence::test_save_and_load PASSED [ 73%]
tests/test_pattern_miner.py::TestPatternMinerPersistence::test_saved_file_is_valid_json PASSED [ 73%]
tests/test_pattern_miner.py::TestMinedPatternDataclass::test_round_trip PASSED [ 73%]
tests/test_playtest_engine.py::TestPlaytestEngineInit::test_default_init PASSED [ 73%]
tests/test_playtest_engine.py::TestPlaytestEngineInit::test_custom_init PASSED [ 73%]
tests/test_playtest_engine.py::TestPlaytestEngineRun::test_run_on_hunt_world PASSED [ 73%]
tests/test_playtest_engine.py::TestPlaytestEngineRun::test_run_produces_report PASSED [ 73%]
tests/test_playtest_engine.py::TestPlaytestEngineRun::test_run_vocation_results PASSED [ 73%]
tests/test_playtest_engine.py::TestPlaytestEngineRun::test_run_quick PASSED [ 73%]
tests/test_playtest_engine.py::TestPlaytestEngineRun::test_run_deterministic PASSED [ 73%]
tests/test_playtest_engine.py::TestPlaytestEngineEdgeCases::test_empty_world PASSED [ 73%]
tests/test_playtest_engine.py::TestPlaytestEngineEdgeCases::test_world_no_regions PASSED [ 74%]
tests/test_playtest_engine.py::TestPlaytestEngineEdgeCases::test_level_override PASSED [ 74%]
tests/test_playtest_engine.py::TestPlaytestReportSerialization::test_to_dict PASSED [ 74%]
tests/test_playtest_engine.py::TestPlaytestReportSerialization::test_to_json PASSED [ 74%]
tests/test_playtest_engine.py::TestPlaytestReportSerialization::test_save_and_load PASSED [ 74%]
tests/test_playtest_engine.py::TestPlaytestReportSerialization::test_format_summary PASSED [ 74%]
tests/test_playtest_engine.py::TestMultiZonePlaytest::test_multi_zone_analysis PASSED [ 74%]
tests/test_playtest_engine.py::TestMonsterDatabase::test_default_monsters_populated PASSED [ 74%]
tests/test_playtest_engine.py::TestMonsterDatabase::test_monster_stats_structure PASSED [ 74%]
tests/test_playtest_engine.py::TestReportGenerator::test_generate_playable PASSED [ 74%]
tests/test_playtest_engine.py::TestReportGenerator::test_generate_not_playable_low_xp PASSED [ 74%]
tests/test_playtest_engine.py::TestReportGenerator::test_generate_not_playable_many_deaths PASSED [ 74%]
tests/test_playtest_engine.py::TestReportGenerator::test_generate_not_playable_low_survival PASSED [ 74%]
tests/test_playtest_engine.py::TestReportGenerator::test_generate_not_playable_no_spawns PASSED [ 74%]
tests/test_playtest_engine.py::TestReportGenerator::test_generate_not_playable_no_zones PASSED [ 74%]
tests/test_playtest_engine.py::TestReportGenerator::test_report_to_json_roundtrip PASSED [ 74%]
tests/test_playtest_engine.py::TestPlaytestIntegration::test_mandatory_example_pattern PASSED [ 74%]
tests/test_playtest_engine.py::TestPlaytestIntegration::test_quick_vs_full_consistency PASSED [ 74%]
tests/test_preview_generator.py::test_preview_generation PASSED          [ 75%]
tests/test_preview_generator.py::test_palette_colors PASSED              [ 75%]
tests/test_preview_generator.py::test_get_color_for_ground PASSED        [ 75%]
tests/test_preview_generator.py::test_get_color_for_item PASSED          [ 75%]
tests/test_preview_generator.py::test_is_boss PASSED                     [ 75%]
tests/test_preview_generator.py::test_render_tile_ground PASSED          [ 75%]
tests/test_preview_generator.py::test_render_tile_wall PASSED            [ 75%]
tests/test_preview_generator.py::test_render_tile_spawn PASSED           [ 75%]
tests/test_preview_generator.py::test_render_tile_boss PASSED            [ 75%]
tests/test_preview_generator.py::test_render_tile_decorated PASSED       [ 75%]
tests/test_preview_generator.py::test_render_tile_empty PASSED           [ 75%]
tests/test_preview_generator.py::test_compute_bounds PASSED              [ 75%]
tests/test_preview_generator.py::test_compute_bounds_empty PASSED        [ 75%]
tests/test_preview_generator.py::test_render_layer PASSED                [ 75%]
tests/test_preview_generator.py::test_add_structure_overlay PASSED       [ 75%]
tests/test_preview_generator.py::test_save_minimap PASSED                [ 75%]
tests/test_preview_generator.py::test_generate_report PASSED             [ 75%]
tests/test_preview_generator.py::test_generate_report_empty PASSED       [ 76%]
tests/test_preview_generator.py::test_report_json_serializable PASSED    [ 76%]
tests/test_preview_generator.py::test_generate_from_generated_world PASSED [ 76%]
tests/test_preview_generator.py::test_distinguir_visualmente PASSED      [ 76%]
tests/test_preview_generator.py::test_empty_world_preview PASSED         [ 76%]
tests/test_preview_generator.py::test_multi_z_preview PASSED             [ 76%]
tests/test_production.py::TestWorldModel::test_empty_world PASSED        [ 76%]
tests/test_production.py::TestWorldModel::test_set_tile PASSED           [ 76%]
tests/test_production.py::TestWorldModel::test_multiple_tiles PASSED     [ 76%]
tests/test_production.py::TestWorldModel::test_add_region PASSED         [ 76%]
tests/test_production.py::TestWorldModel::test_add_structure PASSED      [ 76%]
tests/test_production.py::TestWorldModel::test_tile_with_items PASSED    [ 76%]
tests/test_production.py::TestWorldModel::test_tile_with_spawn PASSED    [ 76%]
tests/test_production.py::TestWorldModel::test_world_validator PASSED    [ 76%]
tests/test_production.py::TestGenerators::test_world_generator_hunt PASSED [ 76%]
tests/test_production.py::TestGenerators::test_world_generator_city PASSED [ 76%]
tests/test_production.py::TestGenerators::test_world_generator_dungeon PASSED [ 76%]
tests/test_production.py::TestGenerators::test_hunt_generator_direct PASSED [ 76%]
tests/test_production.py::TestGenerators::test_city_generator_direct PASSED [ 77%]
tests/test_production.py::TestGenerators::test_dungeon_generator_direct PASSED [ 77%]
tests/test_production.py::TestGenerators::test_theme_generator PASSED    [ 77%]
tests/test_production.py::TestGenerators::test_theme_generator_multi PASSED [ 77%]
tests/test_production.py::TestLuaExporter::test_lua_export_basic PASSED  [ 77%]
tests/test_production.py::TestLuaExporter::test_lua_export_has_ground PASSED [ 77%]
tests/test_production.py::TestLuaExporter::test_lua_export_to_file PASSED [ 77%]
tests/test_production.py::TestLuaExporter::test_lua_validate PASSED      [ 77%]
tests/test_production.py::TestLuaExporter::test_lua_validator_empty PASSED [ 77%]
tests/test_production.py::TestLuaExporter::test_lua_validator_forbidden PASSED [ 77%]
tests/test_production.py::TestLuaExporter::test_lua_writer PASSED        [ 77%]
tests/test_production.py::TestOTBMExporter::test_mandatory_export PASSED [ 77%]
tests/test_production.py::TestOTBMExporter::test_export_with_spawns PASSED [ 77%]
tests/test_production.py::TestOTBMExporter::test_export_bytes PASSED     [ 77%]
tests/test_production.py::TestOTBMExporter::test_export_empty_world PASSED [ 77%]
tests/test_production.py::TestOTBMExporter::test_validate PASSED         [ 77%]
tests/test_production.py::TestOTBMExporter::test_generate_xmls PASSED    [ 77%]
tests/test_production.py::TestOTBMExporter::test_export_generated_world PASSED [ 78%]
tests/test_production.py::TestOTBMImporter::test_import_file PASSED      [ 78%]
tests/test_production.py::TestOTBMImporter::test_import_bytes PASSED     [ 78%]
tests/test_production.py::TestOTBMImporter::test_import_nonexistent PASSED [ 78%]
tests/test_production.py::TestOTBMImporter::test_import_preview PASSED   [ 78%]
tests/test_production.py::TestOTBMImporter::test_roundtrip PASSED        [ 78%]
tests/test_production.py::TestPreviewGenerator::test_preview_generation PASSED [ 78%]
tests/test_production.py::TestPreviewGenerator::test_preview_png_only PASSED [ 78%]
tests/test_production.py::TestPreviewGenerator::test_preview_minimap PASSED [ 78%]
tests/test_production.py::TestPreviewGenerator::test_preview_report PASSED [ 78%]
tests/test_production.py::TestConfigManager::test_load_config PASSED     [ 78%]
tests/test_production.py::TestConfigManager::test_default_config PASSED  [ 78%]
tests/test_production.py::TestConfigManager::test_is_configured PASSED   [ 78%]
tests/test_production.py::TestConfigManager::test_validate_items_xml_missing PASSED [ 78%]
tests/test_production.py::TestConfigManager::test_validate_tibia_path_missing PASSED [ 78%]
tests/test_production.py::TestConfigManager::test_validate_monsters_folder_missing PASSED [ 78%]
tests/test_production.py::TestConfigManager::test_validate_npcs_folder_missing PASSED [ 78%]
tests/test_production.py::TestConfigManager::test_validate_mounts_folder_empty PASSED [ 78%]
tests/test_production.py::TestConfigManager::test_validate_all PASSED    [ 79%]
tests/test_production.py::TestCLI::test_cli_info PASSED                  [ 79%]
tests/test_production.py::TestCLI::test_cli_help PASSED                  [ 79%]
tests/test_production.py::TestCLI::test_cli_generate PASSED              [ 79%]
tests/test_production.py::TestCLI::test_cli_export_lua PASSED            [ 79%]
tests/test_production.py::TestInstaller::test_installer_check PASSED     [ 79%]
tests/test_production.py::TestInstaller::test_installer_creates_dirs PASSED [ 79%]
tests/test_production.py::TestEndToEnd::test_full_pipeline PASSED        [ 79%]
tests/test_progression_analyzer.py::TestXPFormula::test_xp_level_1 PASSED [ 79%]
tests/test_progression_analyzer.py::TestXPFormula::test_xp_increases_with_level PASSED [ 79%]
tests/test_progression_analyzer.py::TestXPFormula::test_xp_level_300 PASSED [ 79%]
tests/test_progression_analyzer.py::TestTimeToLevel::test_time_to_level_positive_xp PASSED [ 79%]
tests/test_progression_analyzer.py::TestTimeToLevel::test_time_to_level_zero_xp PASSED [ 79%]
tests/test_progression_analyzer.py::TestTimeToLevel::test_time_to_level_negative_xp PASSED [ 79%]
tests/test_progression_analyzer.py::TestTimeToLevel::test_time_to_level_higher_xp_faster PASSED [ 79%]
tests/test_progression_analyzer.py::TestZoneProgression::test_analyze_zone PASSED [ 79%]
tests/test_progression_analyzer.py::TestZoneProgression::test_higher_level_higher_xp PASSED [ 79%]
tests/test_progression_analyzer.py::TestProgressionCurve::test_analyze_curve PASSED [ 80%]
tests/test_progression_analyzer.py::TestProgressionCurve::test_curve_has_points PASSED [ 80%]
tests/test_progression_analyzer.py::TestProgressionCurve::test_bottleneck_detection PASSED [ 80%]
tests/test_progression_analyzer.py::TestVocationComparison::test_compare_vocations PASSED [ 80%]
tests/test_progression_analyzer.py::TestLevelRangeValidation::test_balanced_levels PASSED [ 80%]
tests/test_progression_analyzer.py::TestLevelRangeValidation::test_monsters_too_strong PASSED [ 80%]
tests/test_progression_analyzer.py::TestLevelRangeValidation::test_monsters_too_weak PASSED [ 80%]
tests/test_progression_analyzer.py::TestLevelRangeValidation::test_spread_too_wide PASSED [ 80%]
tests/test_progression_analyzer.py::TestDifficultyEvaluator::test_easy_zone PASSED [ 80%]
tests/test_progression_analyzer.py::TestDifficultyEvaluator::test_dense_zone PASSED [ 80%]
tests/test_progression_analyzer.py::TestDifficultyEvaluator::test_world_evaluation PASSED [ 80%]
tests/test_progression_analyzer.py::TestDifficultyEvaluator::test_is_balanced PASSED [ 80%]
tests/test_progression_analyzer.py::TestDifficultyEvaluator::test_is_balanced_too_dense PASSED [ 80%]
tests/test_progression_analyzer.py::TestDifficultyEvaluator::test_difficulty_color PASSED [ 80%]
tests/test_progression_analyzer.py::TestLootSimulator::test_simulate_hunt PASSED [ 80%]
tests/test_progression_analyzer.py::TestLootSimulator::test_simulate_rotation PASSED [ 80%]
tests/test_progression_analyzer.py::TestLootSimulator::test_unknown_monster PASSED [ 80%]
tests/test_progression_analyzer.py::TestLootSimulator::test_get_loot_table PASSED [ 80%]
tests/test_progression_analyzer.py::TestLootSimulator::test_register_custom_table PASSED [ 81%]
tests/test_progression_analyzer.py::TestSurvivalAnalyzer::test_quick_risk_assessment PASSED [ 81%]
tests/test_progression_analyzer.py::TestSurvivalAnalyzer::test_analyze_zone PASSED [ 81%]
tests/test_progression_analyzer.py::TestSurvivalAnalyzer::test_analyze_world PASSED [ 81%]
tests/test_qa_pipeline.py::test_qa_pipeline_valid_script PASSED          [ 81%]
tests/test_qa_pipeline.py::test_qa_pipeline_forbidden_api PASSED         [ 81%]
tests/test_qa_pipeline.py::test_qa_pipeline_unknown_monster PASSED       [ 81%]
tests/test_qa_pipeline.py::test_qa_pipeline_unknown_item PASSED          [ 81%]
tests/test_qa_pipeline.py::test_qa_pipeline_invalid_z PASSED             [ 81%]
tests/test_qa_pipeline.py::test_qa_pipeline_report_structure PASSED      [ 81%]
tests/test_quest_generator.py::TestQuestGenerator::test_generate_returns_quest_package PASSED [ 81%]
tests/test_quest_generator.py::TestQuestGenerator::test_generate_level_range PASSED [ 81%]
tests/test_quest_generator.py::TestQuestGenerator::test_generate_low_level PASSED [ 81%]
tests/test_quest_generator.py::TestQuestGenerator::test_generate_high_level PASSED [ 81%]
tests/test_quest_generator.py::TestQuestGenerator::test_no_todo_placeholders PASSED [ 81%]
tests/test_quest_generator.py::TestQuestGenerator::test_has_name PASSED  [ 81%]
tests/test_quest_generator.py::TestQuestGenerator::test_has_description PASSED [ 81%]
tests/test_quest_generator.py::TestQuestGenerator::test_has_objectives PASSED [ 82%]
tests/test_quest_generator.py::TestQuestGenerator::test_has_rewards PASSED [ 82%]
tests/test_quest_generator.py::TestQuestGenerator::test_has_location PASSED [ 82%]
tests/test_quest_generator.py::TestQuestGenerator::test_enemy_count_scales PASSED [ 82%]
tests/test_quest_generator.py::TestQuestGenerator::test_exploration_quest PASSED [ 82%]
tests/test_quest_generator.py::TestQuestGenerator::test_combat_quest PASSED [ 82%]
tests/test_quest_generator.py::TestQuestGenerator::test_lever_quest PASSED [ 82%]
tests/test_quest_generator.py::TestQuestGenerator::test_puzzle_quest PASSED [ 82%]
tests/test_quest_generator.py::TestQuestGenerator::test_boss_quest PASSED [ 82%]
tests/test_quest_generator.py::TestQuestGenerator::test_rescue_quest PASSED [ 82%]
tests/test_quest_generator.py::TestQuestGenerator::test_collection_quest PASSED [ 82%]
tests/test_quest_generator.py::TestQuestGenerator::test_package_is_valid PASSED [ 82%]
tests/test_quest_generator.py::TestQuestGenerator::test_all_quest_types_valid PASSED [ 82%]
tests/test_quest_generator.py::TestQuestGenerator::test_deterministic_output PASSED [ 82%]
tests/test_quest_generator.py::TestQuestGenerator::test_to_dict_roundtrip PASSED [ 82%]
tests/test_raid_generator.py::TestRaidGenerator::test_generate_returns_quest_package PASSED [ 82%]
tests/test_raid_generator.py::TestRaidGenerator::test_generate_level_range PASSED [ 82%]
tests/test_raid_generator.py::TestRaidGenerator::test_raid_has_arena_room_type PASSED [ 82%]
tests/test_raid_generator.py::TestRaidGenerator::test_raid_has_boss PASSED [ 83%]
tests/test_raid_generator.py::TestRaidGenerator::test_raid_has_boss_metadata PASSED [ 83%]
tests/test_raid_generator.py::TestRaidGenerator::test_raid_has_raid_flag PASSED [ 83%]
tests/test_raid_generator.py::TestRaidGenerator::test_no_todo_placeholders PASSED [ 83%]
tests/test_raid_generator.py::TestRaidGenerator::test_has_rewards PASSED [ 83%]
tests/test_raid_generator.py::TestRaidGenerator::test_has_location PASSED [ 83%]
tests/test_raid_generator.py::TestRaidGenerator::test_party_size_in_objectives PASSED [ 83%]
tests/test_raid_generator.py::TestRaidGenerator::test_party_size_in_metadata PASSED [ 83%]
tests/test_raid_generator.py::TestRaidGenerator::test_normal_difficulty PASSED [ 83%]
tests/test_raid_generator.py::TestRaidGenerator::test_hard_difficulty_more_gold PASSED [ 83%]
tests/test_raid_generator.py::TestRaidGenerator::test_epic_difficulty_more_items PASSED [ 83%]
tests/test_raid_generator.py::TestRaidGenerator::test_epic_has_enrage_objective PASSED [ 83%]
tests/test_raid_generator.py::TestRaidGenerator::test_hard_has_elite_objective PASSED [ 83%]
tests/test_raid_generator.py::TestRaidGenerator::test_enemy_count_scales_with_level PASSED [ 83%]
tests/test_raid_generator.py::TestRaidGenerator::test_enemy_count_minimum PASSED [ 83%]
tests/test_raid_generator.py::TestRaidGenerator::test_package_is_valid PASSED [ 83%]
tests/test_raid_generator.py::TestRaidGenerator::test_all_difficulties_valid PASSED [ 83%]
tests/test_raid_generator.py::TestRaidGenerator::test_deterministic_output PASSED [ 84%]
tests/test_raid_generator.py::TestRaidGenerator::test_to_dict_roundtrip PASSED [ 84%]
tests/test_region_expander.py::TestRegionExpanderInit::test_create PASSED [ 84%]
tests/test_region_expander.py::TestRegionExpanderInit::test_default_constants PASSED [ 84%]
tests/test_region_expander.py::TestRegionExpanderFillGaps::test_fills_gaps PASSED [ 84%]
tests/test_region_expander.py::TestRegionExpanderFillGaps::test_no_gaps_no_change PASSED [ 84%]
tests/test_region_expander.py::TestRegionExpanderFillGaps::test_skip_small_regions PASSED [ 84%]
tests/test_region_expander.py::TestRegionExpanderConnect::test_connects_distant_regions PASSED [ 84%]
tests/test_region_expander.py::TestRegionExpanderConnect::test_skips_close_regions PASSED [ 84%]
tests/test_region_expander.py::TestRegionExpanderConnect::test_single_region_no_connect PASSED [ 84%]
tests/test_region_expander.py::TestRegionExpansionResult::test_to_dict PASSED [ 84%]
tests/test_rme_validator.py::test_valid_getOrCreateTile PASSED           [ 84%]
tests/test_rme_validator.py::test_valid_addItem PASSED                   [ 84%]
tests/test_rme_validator.py::test_valid_setCreature PASSED               [ 84%]
tests/test_rme_validator.py::test_valid_setSpawn PASSED                  [ 84%]
tests/test_rme_validator.py::test_valid_borderize PASSED                 [ 84%]
tests/test_rme_validator.py::test_valid_full_script PASSED               [ 84%]
tests/test_rme_validator.py::test_invalid_Map_addItem PASSED             [ 84%]
tests/test_rme_validator.py::test_invalid_Map_addCreature PASSED         [ 85%]
tests/test_rme_validator.py::test_invalid_Map_addNpc PASSED              [ 85%]
tests/test_rme_validator.py::test_invalid_Map_setTile PASSED             [ 85%]
tests/test_rme_validator.py::test_invalid_Position PASSED                [ 85%]
tests/test_rme_validator.py::test_invalid_Game_createTile PASSED         [ 85%]
tests/test_rme_validator.py::test_invalid_mixed PASSED                   [ 85%]
tests/test_similarity_engine.py::TestSimilarityEngineInit::test_default_state PASSED [ 85%]
tests/test_similarity_engine.py::TestSimilarityEngineInit::test_index_path_is_optional PASSED [ 85%]
tests/test_similarity_engine.py::TestSimilarityEngineIndex::test_build_empty_index PASSED [ 85%]
tests/test_similarity_engine.py::TestSimilarityEngineIndex::test_build_index_creates_matrix PASSED [ 85%]
tests/test_similarity_engine.py::TestSimilarityEngineIndex::test_index_has_expected_fields PASSED [ 85%]
tests/test_similarity_engine.py::TestSimilarityEngineSimilarity::test_cosine_identical_vectors PASSED [ 85%]
tests/test_similarity_engine.py::TestSimilarityEngineSimilarity::test_cosine_opposite_vectors PASSED [ 85%]
tests/test_similarity_engine.py::TestSimilarityEngineSimilarity::test_cosine_orthogonal_vectors PASSED [ 85%]
tests/test_similarity_engine.py::TestSimilarityEngineSimilarity::test_cosine_zero_vector PASSED [ 85%]
tests/test_similarity_engine.py::TestSimilarityEngineSimilarity::test_pattern_similarity_empty PASSED [ 85%]
tests/test_similarity_engine.py::TestSimilarityEngineSimilarity::test_pattern_similarity_with_dicts PASSED [ 85%]
tests/test_similarity_engine.py::TestSimilarityEngineSimilarity::test_style_similarity_grouped PASSED [ 86%]
tests/test_similarity_engine.py::TestSimilarityEngineSimilarity::test_style_similarity_identical PASSED [ 86%]
tests/test_similarity_engine.py::TestSimilarityEngineSimilarity::test_style_similarity_unrelated PASSED [ 86%]
tests/test_similarity_engine.py::TestSimilaritySearch::test_find_similar_by_style PASSED [ 86%]
tests/test_similarity_engine.py::TestSimilaritySearch::test_find_similar_by_type PASSED [ 86%]
tests/test_similarity_engine.py::TestSimilaritySearch::test_find_similar_excludes_self PASSED [ 86%]
tests/test_similarity_engine.py::TestSimilaritySearch::test_find_similar_modes PASSED [ 86%]
tests/test_similarity_engine.py::TestSimilaritySearch::test_find_similar_returns_results PASSED [ 86%]
tests/test_similarity_engine.py::TestSimilaritySearch::test_find_similar_sorted_desc PASSED [ 86%]
tests/test_similarity_engine.py::TestSimilaritySearch::test_find_similar_to_vector PASSED [ 86%]
tests/test_similarity_engine.py::TestSimilaritySearch::test_find_similar_to_vector_min_similarity PASSED [ 86%]
tests/test_similarity_engine.py::TestSimilaritySearch::test_find_similar_unknown_id PASSED [ 86%]
tests/test_similarity_engine.py::TestSimilarityClusters::test_find_clusters_basic PASSED [ 86%]
tests/test_similarity_engine.py::TestSimilarityClusters::test_find_clusters_min_size PASSED [ 86%]
tests/test_similarity_engine.py::TestSimilarityClusters::test_find_clusters_no_index PASSED [ 86%]
tests/test_similarity_engine.py::TestSimilarityStatistics::test_statistics_empty_engine PASSED [ 86%]
tests/test_similarity_engine.py::TestSimilarityStatistics::test_style_statistics PASSED [ 86%]
tests/test_similarity_engine.py::TestSimilarityStatistics::test_type_statistics PASSED [ 86%]
tests/test_similarity_engine.py::TestSimilarityPersistence::test_load_missing_file PASSED [ 87%]
tests/test_similarity_engine.py::TestSimilarityPersistence::test_loaded_file_is_valid_json PASSED [ 87%]
tests/test_similarity_engine.py::TestSimilarityPersistence::test_save_and_load_index PASSED [ 87%]
tests/test_similarity_engine.py::TestSimilarityPersistence::test_save_load_empty_engine PASSED [ 87%]
tests/test_similarity_engine.py::TestSimilarityNaturalLanguage::test_query_by_type_temple PASSED [ 87%]
tests/test_similarity_engine.py::TestSimilarityNaturalLanguage::test_query_dungeon PASSED [ 87%]
tests/test_similarity_engine.py::TestSimilarityNaturalLanguage::test_query_similar_to_other_style PASSED [ 87%]
tests/test_similarity_engine.py::TestSimilarityNaturalLanguage::test_query_similar_to_style PASSED [ 87%]
tests/test_similarity_engine.py::TestSimilarityNaturalLanguage::test_query_unknown PASSED [ 87%]
tests/test_similarity_engine.py::TestSimilarityRecommendations::test_get_recommendations PASSED [ 87%]
tests/test_similarity_engine.py::TestSimilarityRecommendations::test_get_recommendations_unknown PASSED [ 87%]
tests/test_similarity_engine.py::TestSimilarityResultDataclass::test_to_dict PASSED [ 87%]
tests/test_spawn_balancer.py::TestSpawnBalancerInit::test_default_constants PASSED [ 87%]
tests/test_spawn_balancer.py::TestSpawnBalancerInit::test_instantiate_with_defaults PASSED [ 87%]
tests/test_spawn_balancer.py::TestSpawnBalancerAdd::test_adds_when_below_minimum PASSED [ 87%]
tests/test_spawn_balancer.py::TestSpawnBalancerAdd::test_no_change_when_ideal PASSED [ 87%]
tests/test_spawn_balancer.py::TestSpawnBalancerAdd::test_adds_to_empty_zone_with_tiles PASSED [ 87%]
tests/test_spawn_balancer.py::TestSpawnBalancerAdd::test_adds_to_zone_with_single_spawn PASSED [ 88%]
tests/test_spawn_balancer.py::TestSpawnBalancerRemove::test_removes_when_above_maximum PASSED [ 88%]
tests/test_spawn_balancer.py::TestSpawnBalancerRemove::test_removes_furthest_from_center PASSED [ 88%]
tests/test_spawn_balancer.py::TestSpawnBalancerRespawn::test_fixes_too_fast_respawn PASSED [ 88%]
tests/test_spawn_balancer.py::TestSpawnBalancerRespawn::test_fixes_too_slow_respawn PASSED [ 88%]
tests/test_spawn_balancer.py::TestSpawnBalancerRadius::test_fixes_too_small_radius PASSED [ 88%]
tests/test_spawn_balancer.py::TestSpawnBalancerRadius::test_fixes_too_large_radius PASSED [ 88%]
tests/test_spawn_balancer.py::TestSpawnBalancerAnalysis::test_analyze_density PASSED [ 88%]
tests/test_spawn_balancer.py::TestSpawnBalancerAnalysis::test_analyze_empty_zone PASSED [ 88%]
tests/test_spawn_balancer.py::TestSpawnBalanceResult::test_to_dict PASSED [ 88%]
tests/test_spawn_balancer.py::TestSpawnBalanceResult::test_adjustment_to_dict PASSED [ 88%]
tests/test_story_generator.py::TestStoryGeneratorInit::test_create PASSED [ 88%]
tests/test_story_generator.py::TestStoryGeneratorRun::test_generate_default PASSED [ 88%]
tests/test_story_generator.py::TestStoryGeneratorRun::test_generate_issavi PASSED [ 88%]
tests/test_story_generator.py::TestStoryGeneratorRun::test_generate_with_level_range PASSED [ 88%]
tests/test_story_generator.py::TestStoryGeneratorRun::test_generate_side_quests PASSED [ 88%]
tests/test_story_generator.py::TestStoryGeneratorRun::test_generate_no_side_quests PASSED [ 88%]
tests/test_story_generator.py::TestStoryGeneratorRun::test_main_story_only PASSED [ 88%]
tests/test_story_generator.py::TestStoryArcData::test_arc_has_objectives PASSED [ 89%]
tests/test_story_generator.py::TestStoryArcData::test_arc_to_dict PASSED [ 89%]
tests/test_story_generator.py::TestStoryArcData::test_arc_scaling PASSED [ 89%]
tests/test_tile.py::TestTile::test_tile_creation PASSED                  [ 89%]
tests/test_tile.py::TestTile::test_tile_with_ground PASSED               [ 89%]
tests/test_tile.py::TestTile::test_tile_with_items PASSED                [ 89%]
tests/test_tile.py::TestTile::test_tile_with_spawn PASSED                [ 89%]
tests/test_tile.py::TestTile::test_tile_with_zone PASSED                 [ 89%]
tests/test_tile.py::TestTile::test_tile_key_property PASSED              [ 89%]
tests/test_tile.py::TestTile::test_tile_make_key_static PASSED           [ 89%]
tests/test_tile.py::TestTile::test_tile_serialization_round_trip PASSED  [ 89%]
tests/test_tile.py::TestTile::test_tile_repr PASSED                      [ 89%]
tests/test_tile.py::TestTile::test_z_is_required PASSED                  [ 89%]
tests/test_tile.py::TestItem::test_item_creation PASSED                  [ 89%]
tests/test_tile.py::TestItem::test_item_with_count PASSED                [ 89%]
tests/test_tile.py::TestItem::test_item_with_actionid PASSED             [ 89%]
tests/test_tile.py::TestItem::test_item_with_uniqueid PASSED             [ 89%]
tests/test_tile.py::TestItem::test_item_serialization PASSED             [ 90%]
tests/test_tile.py::TestItem::test_item_from_dict_with_id_key PASSED     [ 90%]
tests/test_tile.py::TestItem::test_item_repr PASSED                      [ 90%]
tests/test_tile.py::TestSpawn::test_spawn_creation PASSED                [ 90%]
tests/test_tile.py::TestSpawn::test_spawn_custom_values PASSED           [ 90%]
tests/test_tile.py::TestSpawn::test_spawn_serialization PASSED           [ 90%]
tests/test_tile.py::TestSpawn::test_spawn_from_dict_with_name_fallback PASSED [ 90%]
tests/test_tile.py::TestSpawn::test_spawn_repr PASSED                    [ 90%]
tests/test_tile_validator.py::test_valid_tile PASSED                     [ 90%]
tests/test_tile_validator.py::test_valid_edge_cases PASSED               [ 90%]
tests/test_tile_validator.py::test_invalid_z_negative PASSED             [ 90%]
tests/test_tile_validator.py::test_invalid_z_too_high PASSED             [ 90%]
tests/test_tile_validator.py::test_no_tile_calls PASSED                  [ 90%]
tests/test_world_generator.py::test_world_generator_basic_prompt PASSED  [ 90%]
tests/test_world_generator.py::test_world_generator_hunt_config PASSED   [ 90%]
tests/test_world_generator.py::test_world_generator_city_config PASSED   [ 90%]
tests/test_world_generator.py::test_world_generator_dungeon_config PASSED [ 90%]
tests/test_world_generator.py::test_world_generator_theme_detection PASSED [ 90%]
tests/test_world_generator.py::test_world_generator_prompt_city PASSED   [ 91%]
tests/test_world_generator.py::test_world_generator_prompt_dungeon PASSED [ 91%]
tests/test_world_generator.py::test_world_generator_validation PASSED    [ 91%]
tests/test_world_generator.py::test_world_generator_multiple_calls PASSED [ 91%]
tests/test_world_generator.py::test_world_generator_existing_world PASSED [ 91%]
tests/test_world_model.py::TestWorldModel::test_set_and_get_tile PASSED  [ 91%]
tests/test_world_model.py::TestWorldModel::test_has_tile PASSED          [ 91%]
tests/test_world_model.py::TestWorldModel::test_tile_count PASSED        [ 91%]
tests/test_world_model.py::TestWorldModel::test_set_same_tile_does_not_duplicate PASSED [ 91%]
tests/test_world_model.py::TestWorldModel::test_remove_tile PASSED       [ 91%]
tests/test_world_model.py::TestWorldModel::test_remove_nonexistent_tile PASSED [ 91%]
tests/test_world_model.py::TestWorldModel::test_get_tiles_in_area PASSED [ 91%]
tests/test_world_model.py::TestWorldModel::test_get_tiles_in_area_z_filter PASSED [ 91%]
tests/test_world_model.py::TestWorldModel::test_add_structure PASSED     [ 91%]
tests/test_world_model.py::TestWorldModel::test_get_structure_by_name PASSED [ 91%]
tests/test_world_model.py::TestWorldModel::test_get_structures_by_category PASSED [ 91%]
tests/test_world_model.py::TestWorldModel::test_add_region PASSED        [ 91%]
tests/test_world_model.py::TestWorldModel::test_get_region_by_name PASSED [ 92%]
tests/test_world_model.py::TestWorldModel::test_get_regions_by_theme PASSED [ 92%]
tests/test_world_model.py::TestWorldModel::test_chunk_creation_on_set_tile PASSED [ 92%]
tests/test_world_model.py::TestWorldModel::test_get_chunk PASSED         [ 92%]
tests/test_world_model.py::TestWorldModel::test_get_chunk_for PASSED     [ 92%]
tests/test_world_model.py::TestWorldModel::test_clear PASSED             [ 92%]
tests/test_world_model.py::TestWorldModel::test_summary PASSED           [ 92%]
tests/test_world_model.py::TestWorldModel::test_serialization_round_trip PASSED [ 92%]
tests/test_world_model.py::TestWorldModel::test_get_ground_ids_in_area PASSED [ 92%]
tests/test_world_model.py::TestWorldModel::test_set_tile_with_full_data PASSED [ 92%]
tests/test_world_model.py::TestWorldModel::test_definition_of_success PASSED [ 92%]
tests/test_world_planner.py::test_prompt_parser_basic PASSED             [ 92%]
tests/test_world_planner.py::test_prompt_parser_extracts_themes PASSED   [ 92%]
tests/test_world_planner.py::test_prompt_parser_single_level PASSED      [ 92%]
tests/test_world_planner.py::test_prompt_parser_level_range PASSED       [ 92%]
tests/test_world_planner.py::test_prompt_parser_nivel_spanish PASSED     [ 92%]
tests/test_world_planner.py::test_prompt_parser_dungeon_keyword PASSED   [ 92%]
tests/test_world_planner.py::test_prompt_parser_quest_keyword PASSED     [ 92%]
tests/test_world_planner.py::test_prompt_parser_default_hunt PASSED      [ 93%]
tests/test_world_planner.py::test_prompt_parser_empty PASSED             [ 93%]
tests/test_world_planner.py::test_prompt_parser_zone_order PASSED        [ 93%]
tests/test_world_planner.py::test_world_planner_creation PASSED          [ 93%]
tests/test_world_planner.py::test_world_planner_plan_returns_worldplan PASSED [ 93%]
tests/test_world_planner.py::test_world_planner_full_example PASSED      [ 93%]
tests/test_world_planner.py::test_world_planner_call_alias PASSED        [ 93%]
tests/test_world_planner.py::test_world_plan_structure PASSED            [ 93%]
tests/test_world_planner.py::test_world_plan_to_dict PASSED              [ 93%]
tests/test_world_planner.py::test_world_plan_summary PASSED              [ 93%]
tests/test_world_planner.py::test_difficulty_progression_smooth PASSED   [ 93%]
tests/test_world_planner.py::test_difficulty_progression_spike_for_boss PASSED [ 93%]
tests/test_world_planner.py::test_difficulty_progression_per_zone_levels PASSED [ 93%]
tests/test_world_planner.py::test_layout_strategy_city_centric PASSED    [ 93%]
tests/test_world_planner.py::test_layout_strategy_linear PASSED          [ 93%]
tests/test_world_planner.py::test_layout_zones_have_positions PASSED     [ 93%]
tests/test_world_planner.py::test_layout_roads_connect_zones PASSED      [ 93%]
tests/test_world_planner.py::test_layout_teleports_for_boss_and_dungeon PASSED [ 94%]
tests/test_world_planner.py::test_layout_waypoints_per_zone PASSED       [ 94%]
tests/test_world_planner.py::test_plan_uses_resolved_theme_assets PASSED [ 94%]
tests/test_world_planner.py::test_plan_hybrid_themes PASSED              [ 94%]
tests/test_world_planner.py::test_world_planner_with_world_generator PASSED [ 94%]
tests/test_world_planner.py::test_world_planner_with_blueprint_registry PASSED [ 94%]
tests/test_world_planner.py::test_world_planner_with_asset_registry PASSED [ 94%]
tests/test_world_planner.py::test_world_plan_empty_prompt PASSED         [ 94%]
tests/test_world_planner.py::test_world_plan_unknown_theme PASSED        [ 94%]
tests/test_world_planner.py::test_world_plan_seed_reproducibility PASSED [ 94%]
tests/test_world_planner.py::test_world_plan_different_seeds_differ PASSED [ 94%]
tests/test_world_planner.py::test_world_request_properties PASSED        [ 94%]
tests/test_world_synthesizer.py::test_synthesizer_creation PASSED        [ 94%]
tests/test_world_synthesizer.py::test_synthesizer_creation_with_seed PASSED [ 94%]
tests/test_world_synthesizer.py::test_synthesize_accepts_plan PASSED     [ 94%]
tests/test_world_synthesizer.py::test_synthesize_accepts_continent_result PASSED [ 94%]
tests/test_world_synthesizer.py::test_synthesize_creates_report PASSED   [ 94%]
tests/test_world_synthesizer.py::test_synthesize_report_includes_all_fields PASSED [ 94%]
tests/test_world_synthesizer.py::test_synthesize_attaches_ai_architect PASSED [ 95%]
tests/test_world_synthesizer.py::test_synthesize_attaches_blueprint_registry PASSED [ 95%]
tests/test_world_synthesizer.py::test_synthesize_validates_by_default PASSED [ 95%]
tests/test_world_synthesizer.py::test_synthesize_validation_pass PASSED  [ 95%]
tests/test_world_synthesizer.py::test_synthesize_deterministic_with_seed PASSED [ 95%]
tests/test_world_synthesizer.py::test_synthesize_supports_auto_validate_false PASSED [ 95%]
tests/test_world_synthesizer.py::test_synthesize_with_dependencies_injection PASSED [ 95%]
tests/test_world_synthesizer.py::test_synthesizer_merge_empty PASSED     [ 95%]
tests/test_world_synthesizer.py::test_synthesizer_merge_single PASSED    [ 95%]
tests/test_world_synthesizer.py::test_synthesizer_merge_multiple PASSED  [ 95%]
tests/test_world_synthesizer.py::test_synthesizer_merge_combines_structures PASSED [ 95%]
tests/test_world_synthesizer.py::test_synthesizer_merge_combines_regions PASSED [ 95%]
tests/test_world_synthesizer.py::test_synthesizer_merge_normalizes_negative_coords PASSED [ 95%]
tests/test_world_synthesizer.py::test_synthesize_normalize PASSED        [ 95%]
tests/test_world_synthesizer.py::test_synthesis_report_to_dict PASSED    [ 95%]
tests/test_world_synthesizer.py::test_synthesis_report_includes_themes PASSED [ 95%]
tests/test_world_synthesizer.py::test_module_level_synthesize PASSED     [ 95%]
tests/test_world_synthesizer.py::test_module_level_merge PASSED          [ 96%]
tests/test_world_synthesizer.py::test_module_level_validate_synthesis PASSED [ 96%]
tests/test_world_synthesizer.py::test_module_level_attach_ai_architect PASSED [ 96%]
tests/test_world_synthesizer.py::test_module_level_attach_blueprint_registry PASSED [ 96%]
tests/test_world_synthesizer.py::test_synthesize_end_to_end_pipeline PASSED [ 96%]
tests/test_world_synthesizer.py::test_generate_then_synthesize PASSED    [ 96%]
tests/test_world_validator.py::TestWorldValidator::test_valid_world_passes PASSED [ 96%]
tests/test_world_validator.py::TestWorldValidator::test_negative_coordinates_error PASSED [ 96%]
tests/test_world_validator.py::TestWorldValidator::test_negative_y_coordinates_error PASSED [ 96%]
tests/test_world_validator.py::TestWorldValidator::test_z_layer_warning PASSED [ 96%]
tests/test_world_validator.py::TestWorldValidator::test_key_mismatch_error PASSED [ 96%]
tests/test_world_validator.py::TestWorldValidator::test_validate_single_tile PASSED [ 96%]
tests/test_world_validator.py::TestWorldValidator::test_validate_negative_tile PASSED [ 96%]
tests/test_world_validator.py::TestWorldValidator::test_structure_validation_warnings PASSED [ 96%]
tests/test_world_validator.py::TestWorldValidator::test_structure_negative_position PASSED [ 96%]
tests/test_world_validator.py::TestWorldValidator::test_structure_non_positive_dimensions PASSED [ 96%]
tests/test_world_validator.py::TestWorldValidator::test_world_validation_result_summary PASSED [ 96%]
tests/test_world_validator.py::TestWorldValidator::test_world_validation_result_failed_summary PASSED [ 96%]
tests/test_world_validator.py::TestWorldValidator::test_world_validation_result_bool PASSED [ 97%]
tests/test_world_validator.py::TestWorldValidator::test_empty_world_passes PASSED [ 97%]
tests/test_world_validator.py::TestWorldValidator::test_large_tile_count_warning PASSED [ 97%]
tests/test_world_validator.py::TestWorldValidator::test_definition_of_success_integration PASSED [ 97%]
tests/test_xp_balancer.py::TestXPBalancerInit::test_create PASSED        [ 97%]
tests/test_xp_balancer.py::TestXPBalancerInit::test_target_efficiency PASSED [ 97%]
tests/test_xp_balancer.py::TestXPBalancerInit::test_has_analyzer PASSED  [ 97%]
tests/test_xp_balancer.py::TestXPBalancerBalance::test_no_spawns_returns_empty PASSED [ 97%]
tests/test_xp_balancer.py::TestXPBalancerBalance::test_balances_low_xp_zone PASSED [ 97%]
tests/test_xp_balancer.py::TestXPBalancerBalance::test_balances_high_xp_zone PASSED [ 97%]
tests/test_xp_balancer.py::TestXPBalancerBalance::test_balanced_zone_no_change PASSED [ 97%]
tests/test_xp_balancer.py::TestXPBalancerAnalysis::test_analyze_zone PASSED [ 97%]
tests/test_xp_balancer.py::TestXPBalancerAnalysis::test_analyze_empty_zone PASSED [ 97%]
tests/test_xp_balancer.py::TestXPBalancerReplacement::test_suggest_replacement PASSED [ 97%]
tests/test_xp_balancer.py::TestXPBalancerReplacement::test_suggest_replacement_exact PASSED [ 97%]
tests/test_xp_balancer.py::TestXPBalancerReplacement::test_suggest_replacement_unknown_monster PASSED [ 97%]
tests/test_xp_balancer.py::TestXPBalancerMultiplier::test_calc_multiplier_balanced PASSED [ 97%]
tests/test_xp_balancer.py::TestXPBalancerMultiplier::test_calc_multiplier_low_efficiency PASSED [ 98%]
tests/test_xp_balancer.py::TestXPBalancerMultiplier::test_calc_multiplier_zero_efficiency PASSED [ 98%]
tests/test_xp_balancer.py::TestXPAdjustment::test_to_dict PASSED         [ 98%]
tests/test_xp_balancer.py::TestXPBalanceResult::test_to_dict PASSED      [ 98%]
tests/test_zone_planner.py::test_difficulty_bands_defined PASSED         [ 98%]
tests/test_zone_planner.py::test_classify_difficulty_easy PASSED         [ 98%]
tests/test_zone_planner.py::test_classify_difficulty_medium PASSED       [ 98%]
tests/test_zone_planner.py::test_classify_difficulty_hard PASSED         [ 98%]
tests/test_zone_planner.py::test_classify_difficulty_extreme PASSED      [ 98%]
tests/test_zone_planner.py::test_classify_difficulty_epic PASSED         [ 98%]
tests/test_zone_planner.py::test_classify_difficulty_legendary PASSED    [ 98%]
tests/test_zone_planner.py::test_classify_range PASSED                   [ 98%]
tests/test_zone_planner.py::test_difficulty_rank PASSED                  [ 98%]
tests/test_zone_planner.py::test_plan_city_basic PASSED                  [ 98%]
tests/test_zone_planner.py::test_plan_city_includes_temple_for_higher_bands PASSED [ 98%]
tests/test_zone_planner.py::test_plan_city_has_theme_specific_districts PASSED [ 98%]
tests/test_zone_planner.py::test_plan_city_metadata PASSED               [ 98%]
tests/test_zone_planner.py::test_plan_city_to_dict PASSED                [ 98%]
tests/test_zone_planner.py::test_plan_dungeon_basic PASSED               [ 99%]
tests/test_zone_planner.py::test_plan_dungeon_floors_scale_with_difficulty PASSED [ 99%]
tests/test_zone_planner.py::test_plan_dungeon_rooms_have_metadata PASSED [ 99%]
tests/test_zone_planner.py::test_plan_dungeon_no_boss PASSED             [ 99%]
tests/test_zone_planner.py::test_plan_dungeon_to_dict PASSED             [ 99%]
tests/test_zone_planner.py::test_plan_hunt_basic PASSED                  [ 99%]
tests/test_zone_planner.py::test_plan_hunt_density_scales_spawn_count PASSED [ 99%]
tests/test_zone_planner.py::test_plan_hunt_to_dict PASSED                [ 99%]
tests/test_zone_planner.py::test_plan_boss_basic PASSED                  [ 99%]
tests/test_zone_planner.py::test_plan_boss_mechanics_scale_with_difficulty PASSED [ 99%]
tests/test_zone_planner.py::test_plan_boss_explicit_monster PASSED       [ 99%]
tests/test_zone_planner.py::test_plan_boss_to_dict PASSED                [ 99%]
tests/test_zone_planner.py::test_plan_quest_basic PASSED                 [ 99%]
tests/test_zone_planner.py::test_plan_quest_objective_count PASSED       [ 99%]
tests/test_zone_planner.py::test_plan_quest_objective_format PASSED      [ 99%]
tests/test_zone_planner.py::test_plan_quest_to_dict PASSED               [ 99%]
tests/test_zone_planner.py::test_all_zones_have_themes PASSED            [ 99%]
tests/test_zone_planner.py::test_seed_reproducibility PASSED             [100%]

================================== FAILURES ===================================
___________________________ test_output_files_exist ___________________________
tests\test_mvp_integration.py:229: in test_output_files_exist
    assert fp.exists(), f"Missing: {fp}"
E   AssertionError: Missing: output\issavi_roshamuul.otbm
E   assert False
E    +  where False = exists()
E    +    where exists = WindowsPath('output/issavi_roshamuul.otbm').exists
=========================== short test summary info ===========================
FAILED tests/test_mvp_integration.py::test_output_files_exist - AssertionError: Missing: output\issavi_roshamuul.otbm
assert False
 +  where False = exists()
 +    where exists = WindowsPath('output/issavi_roshamuul.otbm').exists
================= 1 failed, 1749 passed in 362.63s (0:06:02) ==================
